Archive member included because of file (symbol)

/usr/lib/gcc/arm-none-eabi/4.8.2/armv7-ar/thumb/softfp/libgcc.a(_udivsi3.o)
                              build/kernel/src/ipc.o (__aeabi_uidiv)
/usr/lib/gcc/arm-none-eabi/4.8.2/armv7-ar/thumb/softfp/libgcc.a(_divsi3.o)
                              build/kernel/components/finsh/finsh_ops.o (__aeabi_idiv)
/usr/lib/gcc/arm-none-eabi/4.8.2/armv7-ar/thumb/softfp/libgcc.a(_dvmd_tls.o)
                              /usr/lib/gcc/arm-none-eabi/4.8.2/armv7-ar/thumb/softfp/libgcc.a(_udivsi3.o) (__aeabi_idiv0)
/usr/lib/gcc/arm-none-eabi/4.8.2/../../../arm-none-eabi/lib/armv7-ar/thumb/softfp/libc.a(lib_a-atexit.o)
                              /usr/lib/gcc/arm-none-eabi/4.8.2/../../../arm-none-eabi/lib/armv7-ar/thumb/softfp/crt0.o (atexit)
/usr/lib/gcc/arm-none-eabi/4.8.2/../../../arm-none-eabi/lib/armv7-ar/thumb/softfp/libc.a(lib_a-exit.o)
                              /usr/lib/gcc/arm-none-eabi/4.8.2/../../../arm-none-eabi/lib/armv7-ar/thumb/softfp/crt0.o (exit)
/usr/lib/gcc/arm-none-eabi/4.8.2/../../../arm-none-eabi/lib/armv7-ar/thumb/softfp/libc.a(lib_a-fini.o)
                              /usr/lib/gcc/arm-none-eabi/4.8.2/../../../arm-none-eabi/lib/armv7-ar/thumb/softfp/crt0.o (__libc_fini_array)
/usr/lib/gcc/arm-none-eabi/4.8.2/../../../arm-none-eabi/lib/armv7-ar/thumb/softfp/libc.a(lib_a-impure.o)
                              /usr/lib/gcc/arm-none-eabi/4.8.2/../../../arm-none-eabi/lib/armv7-ar/thumb/softfp/libc.a(lib_a-exit.o) (_global_impure_ptr)
/usr/lib/gcc/arm-none-eabi/4.8.2/../../../arm-none-eabi/lib/armv7-ar/thumb/softfp/libc.a(lib_a-init.o)
                              /usr/lib/gcc/arm-none-eabi/4.8.2/../../../arm-none-eabi/lib/armv7-ar/thumb/softfp/crt0.o (__libc_init_array)
/usr/lib/gcc/arm-none-eabi/4.8.2/../../../arm-none-eabi/lib/armv7-ar/thumb/softfp/libc.a(lib_a-__atexit.o)
                              /usr/lib/gcc/arm-none-eabi/4.8.2/../../../arm-none-eabi/lib/armv7-ar/thumb/softfp/libc.a(lib_a-atexit.o) (__register_exitproc)
/usr/lib/gcc/arm-none-eabi/4.8.2/../../../arm-none-eabi/lib/armv7-ar/thumb/softfp/libc.a(lib_a-__call_atexit.o)
                              /usr/lib/gcc/arm-none-eabi/4.8.2/../../../arm-none-eabi/lib/armv7-ar/thumb/softfp/libc.a(lib_a-exit.o) (__call_exitprocs)

Allocating common symbols
Common symbol       size              file

rt_interrupt_to_thread
                    0x4               build/kernel/libcpu/arm/am335x/interrupt.o
rt_interrupt_from_thread
                    0x4               build/kernel/libcpu/arm/am335x/interrupt.o
serial5             0x78              build/bsp/drivers/serial.o
global_sysvar_list  0x4               build/kernel/components/finsh/finsh_var.o
finsh_heap          0x80              build/kernel/components/finsh/finsh_heap.o
shell               0x4               build/kernel/components/finsh/shell.o
uart4_int_rx        0x44              build/bsp/drivers/serial.o
serial0             0x78              build/bsp/drivers/serial.o
rt_thread_switch_interrupt_flag
                    0x4               build/kernel/libcpu/arm/am335x/interrupt.o
gs                  0x20              build/kernel/components/gdb/gdb_stub.o
text_segment        0x80              build/kernel/components/finsh/finsh_vm.o
finsh_compile_pc    0x4               build/kernel/components/finsh/finsh_compiler.o
uart0_int_rx        0x44              build/bsp/drivers/serial.o
finsh_vm_stack      0x100             build/kernel/components/finsh/finsh_vm.o
global_errno        0x1               build/kernel/components/finsh/finsh_error.o
rt_thread_priority_table
                    0x100             build/kernel/src/scheduler.o
serial1             0x78              build/bsp/drivers/serial.o
rt_object_put_hook  0x4               build/kernel/src/object.o
_timevalue          0x8               build/kernel/components/pthreads/clock_time.o
rt_current_priority
                    0x1               build/kernel/src/scheduler.o
remcom_in_buffer    0xc8              build/kernel/components/gdb/gdb_stub.o
serial4             0x78              build/bsp/drivers/serial.o
uart2_int_rx        0x44              build/bsp/drivers/serial.o
isr_table           0xa00             build/kernel/libcpu/arm/am335x/interrupt.o
rt_interrupt_nest   0x1               build/kernel/src/irq.o
uart5_int_rx        0x44              build/bsp/drivers/serial.o
rt_object_take_hook
                    0x4               build/kernel/src/object.o
rt_current_thread   0x4               build/kernel/src/scheduler.o
rt_thread_ready_priority_group
                    0x4               build/kernel/src/scheduler.o
rt_thread_defunct   0x8               build/kernel/src/scheduler.o
global_node_table   0x140             build/kernel/components/finsh/finsh_node.o
finsh_compile_sp    0x4               build/kernel/components/finsh/finsh_compiler.o
remcom_out_buffer   0xc8              build/kernel/components/gdb/gdb_stub.o
[...]
Memory Configuration

Name             Origin             Length             Attributes
*default*        0x0000000000000000 0xffffffffffffffff

Linker script and memory map

LOAD /usr/lib/gcc/arm-none-eabi/4.8.2/armv7-ar/thumb/softfp/crti.o
LOAD /usr/lib/gcc/arm-none-eabi/4.8.2/armv7-ar/thumb/softfp/crtbegin.o
LOAD /usr/lib/gcc/arm-none-eabi/4.8.2/../../../arm-none-eabi/lib/armv7-ar/thumb/softfp/crt0.o
LOAD build/bsp/drivers/serial.o
LOAD build/bsp/applications/application.o
LOAD build/bsp/applications/board.o
LOAD build/bsp/applications/startup.o
LOAD build/kernel/src/clock.o
LOAD build/kernel/src/device.o
LOAD build/kernel/src/idle.o
LOAD build/kernel/src/ipc.o
LOAD build/kernel/src/irq.o
LOAD build/kernel/src/kservice.o
LOAD build/kernel/src/mem.o
LOAD build/kernel/src/mempool.o
LOAD build/kernel/src/object.o
LOAD build/kernel/src/scheduler.o
LOAD build/kernel/src/thread.o
LOAD build/kernel/src/timer.o
LOAD build/kernel/libcpu/arm/am335x/cpu.o
LOAD build/kernel/libcpu/arm/am335x/interrupt.o
LOAD build/kernel/libcpu/arm/am335x/mmu.o
LOAD build/kernel/libcpu/arm/am335x/stack.o
LOAD build/kernel/libcpu/arm/am335x/trap.o
LOAD build/kernel/libcpu/arm/am335x/context_gcc.o
LOAD build/kernel/libcpu/arm/am335x/cp15_gcc.o
LOAD build/kernel/libcpu/arm/am335x/start_gcc.o
LOAD build/kernel/libcpu/arm/am335x/vector_gcc.o
LOAD build/kernel/libcpu/arm/common/backtrace.o
LOAD build/kernel/libcpu/arm/common/div0.o
LOAD build/kernel/libcpu/arm/common/showmem.o
LOAD build/kernel/components/gdb/gdb_stub.o
LOAD build/kernel/components/gdb/hal_stub.o
LOAD build/kernel/components/gdb/libcpu/arm/arm_stub.o
LOAD build/kernel/components/pthreads/clock_time.o
LOAD build/kernel/components/pthreads/mqueue.o
LOAD build/kernel/components/pthreads/pthread.o
LOAD build/kernel/components/pthreads/pthread_attr.o
LOAD build/kernel/components/pthreads/pthread_barrier.o
LOAD build/kernel/components/pthreads/pthread_cond.o
LOAD build/kernel/components/pthreads/pthread_mutex.o
LOAD build/kernel/components/pthreads/pthread_rwlock.o
LOAD build/kernel/components/pthreads/pthread_spin.o
LOAD build/kernel/components/pthreads/pthread_tls.o
LOAD build/kernel/components/pthreads/sched.o
LOAD build/kernel/components/pthreads/semaphore.o
LOAD build/kernel/components/drivers/serial/serial.o
LOAD build/kernel/components/drivers/src/completion.o
LOAD build/kernel/components/drivers/src/dataqueue.o
LOAD build/kernel/components/drivers/src/pipe.o
LOAD build/kernel/components/drivers/src/portal.o
LOAD build/kernel/components/drivers/src/ringbuffer.o
LOAD build/kernel/components/finsh/shell.o
LOAD build/kernel/components/finsh/symbol.o
LOAD build/kernel/components/finsh/cmd.o
LOAD build/kernel/components/finsh/msh_cmd.o
LOAD build/kernel/components/finsh/msh.o
LOAD build/kernel/components/finsh/finsh_compiler.o
LOAD build/kernel/components/finsh/finsh_error.o
LOAD build/kernel/components/finsh/finsh_heap.o
LOAD build/kernel/components/finsh/finsh_init.o
LOAD build/kernel/components/finsh/finsh_node.o
LOAD build/kernel/components/finsh/finsh_ops.o
LOAD build/kernel/components/finsh/finsh_parser.o
LOAD build/kernel/components/finsh/finsh_var.o
LOAD build/kernel/components/finsh/finsh_vm.o
LOAD build/kernel/components/finsh/finsh_token.o
LOAD build/kernel/components/libc/minilibc/ctype.o
LOAD build/kernel/components/libc/minilibc/math.o
LOAD build/kernel/components/libc/minilibc/qsort.o
LOAD build/kernel/components/libc/minilibc/rand.o
LOAD build/kernel/components/libc/minilibc/stdlib.o
LOAD build/kernel/components/libc/minilibc/string.o
LOAD build/kernel/components/libc/minilibc/time.o
LOAD build/kernel/components/init/components.o
START GROUP
LOAD /usr/lib/gcc/arm-none-eabi/4.8.2/armv7-ar/thumb/softfp/libgcc.a
LOAD /usr/lib/gcc/arm-none-eabi/4.8.2/../../../arm-none-eabi/lib/armv7-ar/thumb/softfp/libc.a
END GROUP
LOAD /usr/lib/gcc/arm-none-eabi/4.8.2/armv7-ar/thumb/softfp/crtend.o
LOAD /usr/lib/gcc/arm-none-eabi/4.8.2/armv7-ar/thumb/softfp/crtn.o
                0x0000000080200000                . = 0x80200000
                0x0000000080200000                __text_start = .

.text           0x0000000080200000    0x1f198
 *(.vectors)
 .vectors       0x0000000080200000       0x40 build/kernel/libcpu/arm/am335x/vector_gcc.o
                0x0000000080200000                system_vectors
 *(.text)
 .text          0x0000000080200040      0xf50 build/bsp/drivers/serial.o
                0x0000000080200454                printkc
                0x00000000802009c8                rt_hw_serial_init
 .text          0x0000000080200f90       0x9c build/bsp/applications/application.o
                0x0000000080200f90                rt_init_thread_entry
                0x0000000080200fc8                rt_application_init
 .text          0x000000008020102c      0x338 build/bsp/applications/board.o
                0x00000000802011a0                rt_hw_timer_init
                0x00000000802012dc                rt_hw_board_init
                0x00000000802012f8                rt_hw_cpu_reset
 .text          0x0000000080201364       0x64 build/bsp/applications/startup.o
                0x0000000080201364                rtthread_startup
                0x00000000802013ac                main
 .text          0x00000000802013c8      0x128 build/kernel/src/clock.o
                0x00000000802013c8                rt_system_tick_init
                0x00000000802013dc                rt_tick_get
                0x0000000080201400                rt_tick_set
                0x0000000080201438                rt_tick_increase
                0x00000000802014ac                rt_tick_from_millisecond
 .text          0x00000000802014f0      0x9a4 build/kernel/src/device.o
                0x00000000802014f0                rt_device_register
                0x0000000080201578                rt_device_unregister
                0x00000000802015ec                rt_device_init_all
                0x00000000802016c8                rt_device_find
                0x0000000080201794                rt_device_init
                0x000000008020187c                rt_device_open
                0x0000000080201a5c                rt_device_close
                0x0000000080201b5c                rt_device_read
                0x0000000080201c2c                rt_device_write
                0x0000000080201cfc                rt_device_control
                0x0000000080201da4                rt_device_set_rx_indicate
                0x0000000080201e1c                rt_device_set_tx_complete
 .text          0x0000000080201e94      0x2b8 build/kernel/src/idle.o
                0x0000000080201f30                rt_thread_idle_sethook
                0x0000000080201f5c                rt_thread_idle_excute
                0x00000000802020e8                rt_thread_idle_init
 .text          0x000000008020214c     0x3954 build/kernel/src/ipc.o
                0x00000000802023f4                rt_sem_init
                0x00000000802024a4                rt_sem_detach
                0x0000000080202528                rt_sem_create
                0x0000000080202610                rt_sem_delete
                0x0000000080202704                rt_sem_take
                0x0000000080202994                rt_sem_trytake
                0x00000000802029c0                rt_sem_release
                0x0000000080202a78                rt_sem_control
                0x0000000080202b44                rt_mutex_init
                0x0000000080202c14                rt_mutex_detach
                0x0000000080202c98                rt_mutex_create
                0x0000000080202d9c                rt_mutex_delete
                0x0000000080202e90                rt_mutex_take
                0x00000000802031d4                rt_mutex_release
                0x0000000080203470                rt_mutex_control
                0x00000000802034a0                rt_event_init
                0x000000008020354c                rt_event_detach
                0x00000000802035d0                rt_event_create
                0x00000000802036b0                rt_event_delete
                0x00000000802037a4                rt_event_send
                0x00000000802039d0                rt_event_recv
                0x0000000080203d8c                rt_event_control
                0x0000000080203e4c                rt_mb_init
                0x0000000080203f3c                rt_mb_detach
                0x0000000080203fd0                rt_mb_create
                0x0000000080204130                rt_mb_delete
                0x0000000080204244                rt_mb_send_wait
                0x0000000080204600                rt_mb_send
                0x0000000080204634                rt_mb_recv
                0x0000000080204a48                rt_mb_control
                0x0000000080204b30                rt_mq_init
                0x0000000080204cb0                rt_mq_detach
                0x0000000080204d34                rt_mq_create
                0x0000000080204f14                rt_mq_delete
                0x0000000080205018                rt_mq_send
                0x0000000080205298                rt_mq_urgent
                0x00000000802054fc                rt_mq_recv
                0x0000000080205974                rt_mq_control
 .text          0x0000000080205aa0       0xb8 build/kernel/src/irq.o
                0x0000000080205aa0                rt_interrupt_enter
                0x0000000080205ae8                rt_interrupt_leave
                0x0000000080205b30                rt_interrupt_get_nest
 .text          0x0000000080205b58     0x1bdc build/kernel/src/kservice.o
                0x0000000080205b58                rt_get_errno
                0x0000000080205bbc                rt_set_errno
                0x0000000080205c2c                _rt_errno
                0x0000000080205c88                memset
                0x0000000080205c88                rt_memset
                0x0000000080205dec                memcpy
                0x0000000080205dec                rt_memcpy
                0x0000000080205f88                memmove
                0x0000000080205f88                rt_memmove
                0x0000000080206088                memcmp
                0x0000000080206088                rt_memcmp
                0x000000008020612c                strstr
                0x000000008020612c                rt_strstr
                0x00000000802061d8                strcasecmp
                0x00000000802061d8                rt_strcasecmp
                0x0000000080206294                rt_strncpy
                0x0000000080206354                rt_strncmp
                0x00000000802063e4                rt_strcmp
                0x0000000080206464                rt_strlen
                0x0000000080206464                strlen
                0x00000000802064b8                strdup
                0x00000000802064b8                rt_strdup
                0x000000008020651c                rt_show_version
                0x00000000802069fc                rt_vsnprintf
                0x00000000802072c4                snprintf
                0x00000000802072c4                rt_snprintf
                0x0000000080207314                vsprintf
                0x0000000080207314                rt_vsprintf
                0x0000000080207350                rt_sprintf
                0x0000000080207350                sprintf
                0x0000000080207398                rt_console_get_device
                0x00000000802073bc                rt_console_set_device
                0x0000000080207454                rt_hw_console_output
                0x0000000080207470                rt_kprintf
                0x0000000080207564                rt_malloc_align
                0x000000008020762c                rt_free_align
                0x000000008020765c                ffs
 .text          0x0000000080207734     0x1228 build/kernel/src/mem.o
                0x0000000080207734                rt_malloc_sethook
                0x0000000080207760                rt_free_sethook
                0x00000000802079f8                rt_system_heap_init
                0x0000000080207c1c                rt_malloc
                0x00000000802081c8                rt_realloc
                0x00000000802084ac                rt_calloc
                0x0000000080208580                rt_free
                0x0000000080208878                rt_memory_info
                0x00000000802088fc                list_mem
 .text          0x000000008020895c      0x74c build/kernel/src/object.o
                0x0000000080208a14                rt_object_attach_sethook
                0x0000000080208a40                rt_object_detach_sethook
                0x0000000080208a6c                rt_object_trytake_sethook
                0x0000000080208a98                rt_object_take_sethook
                0x0000000080208ac4                rt_object_put_sethook
                0x0000000080208af0                rt_system_object_init
                0x0000000080208b04                rt_object_get_information
                0x0000000080208b3c                rt_object_init
                0x0000000080208bf8                rt_object_detach
                0x0000000080208ca0                rt_object_allocate
                0x0000000080208df8                rt_object_delete
                0x0000000080208efc                rt_object_is_systemobject
                0x0000000080208f84                rt_object_find
 .text          0x00000000802090a8      0x60c build/kernel/src/scheduler.o
                0x00000000802091d4                rt_scheduler_sethook
                0x0000000080209200                rt_system_scheduler_init
                0x0000000080209284                rt_system_scheduler_start
                0x00000000802092e8                rt_schedule
                0x0000000080209434                rt_schedule_insert_thread
                0x0000000080209500                rt_schedule_remove_thread
                0x00000000802095d4                rt_enter_critical
                0x0000000080209614                rt_exit_critical
                0x000000008020968c                rt_critical_level
 .text          0x00000000802096b4      0xe0c build/kernel/src/thread.o
                0x0000000080209a58                rt_thread_init
                0x0000000080209b58                rt_thread_self
                0x0000000080209b7c                rt_thread_startup
                0x0000000080209c84                rt_thread_detach
                0x0000000080209d50                rt_thread_create
                0x0000000080209dfc                rt_thread_delete
                0x0000000080209eb0                rt_thread_yield
                0x0000000080209f64                rt_thread_sleep
                0x000000008020a040                rt_thread_delay
                0x000000008020a068                rt_thread_control
                0x000000008020a1ac                rt_thread_suspend
                0x000000008020a260                rt_thread_resume
                0x000000008020a318                rt_thread_timeout
                0x000000008020a3f4                rt_thread_find
 .text          0x000000008020a4c0      0xcd8 build/kernel/src/timer.o
                0x000000008020a5ec                rt_timer_timeout_sethook
                0x000000008020a7f8                rt_timer_dump
                0x000000008020a870                rt_timer_init
                0x000000008020a908                rt_timer_detach
                0x000000008020a990                rt_timer_create
                0x000000008020a9fc                rt_timer_delete
                0x000000008020aa84                rt_timer_start
                0x000000008020ae0c                rt_timer_stop
                0x000000008020aeec                rt_timer_control
                0x000000008020afe0                rt_timer_check
                0x000000008020b110                rt_timer_next_timeout_tick
                0x000000008020b130                rt_system_timer_init
                0x000000008020b184                rt_system_timer_thread_init
 .text          0x000000008020b198      0x180 build/kernel/libcpu/arm/am335x/cpu.o
                0x000000008020b218                rt_hw_cpu_icache_enable
                0x000000008020b22c                rt_hw_cpu_icache_disable
                0x000000008020b240                rt_hw_cpu_icache_status
                0x000000008020b25c                rt_hw_cpu_dcache_enable
                0x000000008020b270                rt_hw_cpu_dcache_disable
                0x000000008020b284                rt_hw_cpu_dcache_status
                0x000000008020b2a0                rt_hw_cpu_shutdown
 .text          0x000000008020b318      0x5b8 build/kernel/libcpu/arm/am335x/interrupt.o
                0x000000008020b318                rt_dump_aintc
                0x000000008020b450                rt_hw_interrupt_init
                0x000000008020b4b4                rt_hw_interrupt_mask
                0x000000008020b4fc                rt_hw_interrupt_umask
                0x000000008020b544                rt_hw_interrupt_control
                0x000000008020b5b4                rt_hw_interrupt_get_active
                0x000000008020b610                rt_hw_interrupt_ack
                0x000000008020b674                rt_hw_interrupt_install
                0x000000008020b774                rt_hw_interrupt_trigger
                0x000000008020b7bc                rt_hw_interrupt_clear
                0x000000008020b804                rt_dump_isr_table
 .text          0x000000008020b8d0      0x1d8 build/kernel/libcpu/arm/am335x/stack.o
                0x000000008020b8d0                rt_hw_stack_init
 .text          0x000000008020baa8      0x374 build/kernel/libcpu/arm/am335x/trap.o
                0x000000008020baa8                rt_hw_show_register
                0x000000008020bbb0                rt_hw_trap_udef
                0x000000008020bbd4                rt_hw_trap_swi
                0x000000008020bc04                rt_hw_trap_pabt
                0x000000008020bc58                rt_hw_trap_dabt
                0x000000008020bcac                rt_hw_trap_irq
                0x000000008020bd84                rt_hw_trap_fiq
 .text          0x000000008020be1c       0x90 build/kernel/libcpu/arm/am335x/context_gcc.o
                0x000000008020be1c                rt_hw_interrupt_disable
                0x000000008020be28                rt_hw_interrupt_enable
                0x000000008020be30                rt_hw_context_switch
                0x000000008020be5c                rt_hw_context_switch_to
                0x000000008020be74                rt_hw_context_switch_interrupt
 .text          0x000000008020beac      0x13c build/kernel/libcpu/arm/am335x/cp15_gcc.o
                0x000000008020beac                rt_cpu_vector_set_base
                0x000000008020beb8                rt_cpu_vector_get_base
                0x000000008020bec0                rt_cpu_get_sctlr
                0x000000008020bec8                rt_cpu_dcache_enable
                0x000000008020bed8                rt_cpu_icache_enable
                0x000000008020bef0                rt_cpu_dcache_clean_flush
                0x000000008020bf84                rt_cpu_dcache_disable
                0x000000008020bfa0                rt_cpu_icache_disable
                0x000000008020bfb0                rt_cpu_mmu_disable
                0x000000008020bfc8                rt_cpu_mmu_enable
                0x000000008020bfdc                rt_cpu_tlb_set
 *fill*         0x000000008020bfe8       0x18 00000000
 .text          0x000000008020c000     0x1260 build/kernel/libcpu/arm/am335x/start_gcc.o
                0x000000008020c000                stack_start
                0x000000008020d000                stack_top
                0x000000008020d000                _reset
                0x000000008020d0c0                vector_undef
                0x000000008020d100                vector_swi
                0x000000008020d120                vector_pabt
                0x000000008020d140                vector_dabt
                0x000000008020d180                vector_resv
                0x000000008020d1a0                vector_fiq
                0x000000008020d1b0                vector_irq
 .text          0x000000008020d260     0x17e4 build/kernel/components/gdb/gdb_stub.o
                0x000000008020e920                gdb_process_exception
                0x000000008020e974                gdb_handle_exception
 .text          0x000000008020ea44      0x180 build/kernel/components/gdb/hal_stub.o
                0x000000008020ea44                gdb_start
                0x000000008020ea78                gdb_set_device
                0x000000008020eb04                gdb_uart_putc
                0x000000008020eb58                gdb_uart_getc
 .text          0x000000008020ebc4      0x4a4 build/kernel/components/gdb/libcpu/arm/arm_stub.o
                0x000000008020ebc4                gdb_breakpoint
                0x000000008020ebec                gdb_set_register
                0x000000008020ec18                gdb_get_register
                0x000000008020ee48                gdb_put_register
                0x000000008020effc                gdb_arch_handle_exception
 .text          0x000000008020f068      0xd80 build/kernel/components/drivers/serial/serial.o
                0x000000008020fb0c                rt_hw_serial_register
                0x000000008020fc30                rt_hw_serial_isr
                0x000000008020fd28                rt_hw_serial_dma_tx_isr
 .text          0x000000008020fde8      0xab0 build/kernel/components/drivers/src/dataqueue.o
                0x000000008020feb4                rt_data_queue_init
                0x000000008020ffc4                rt_data_queue_push
                0x00000000802102bc                rt_data_queue_pop
                0x0000000080210698                rt_data_queue_peak
                0x00000000802107bc                rt_data_queue_reset
 .text          0x0000000080210898     0x157c build/kernel/components/finsh/shell.o
                0x0000000080210898                finsh_get_prompt
                0x00000000802109c8                finsh_set_device
                0x0000000080210afc                finsh_get_device
                0x0000000080210b74                finsh_set_echo
                0x0000000080210c04                finsh_get_echo
                0x0000000080210ce8                finsh_run_line
                0x0000000080211048                finsh_thread_entry
                0x0000000080211c70                finsh_system_function_init
                0x0000000080211cb0                finsh_system_var_init
                0x0000000080211cf0                finsh_system_init
 .text          0x0000000080211e14     0x13d0 build/kernel/components/finsh/cmd.o
                0x0000000080211eb4                hello
                0x0000000080211ed4                version
                0x000000008021209c                list_thread
                0x000000008021226c                list_sem
                0x0000000080212390                list_event
                0x0000000080212474                list_mutex
                0x00000000802125e0                list_mailbox
                0x000000008021272c                list_msgqueue
                0x000000008021286c                list_mempool
                0x000000008021296c                list_timer
                0x0000000080212a70                list_device
                0x0000000080212a90                list
                0x0000000080212d40                list_prefix
 .text          0x00000000802131e4       0x78 build/kernel/components/finsh/msh_cmd.o
                0x00000000802131e4                cmd_ps
                0x000000008021320c                cmd_time
                0x0000000080213234                cmd_free
 .text          0x000000008021325c      0x90c build/kernel/components/finsh/msh.o
                0x000000008021325c                msh_is_used
                0x00000000802132e4                msh_help
                0x0000000080213888                msh_exec
                0x0000000080213a04                msh_auto_complete
 .text          0x0000000080213b68     0x3b6c build/kernel/components/finsh/finsh_compiler.o
                0x00000000802175dc                finsh_compiler_run
 .text          0x00000000802176d4       0xbc build/kernel/components/finsh/finsh_error.o
                0x00000000802176d4                finsh_error_init
                0x0000000080217700                finsh_error_set
                0x0000000080217738                finsh_errno
                0x000000008021775c                finsh_error_string
 .text          0x0000000080217790      0x6cc build/kernel/components/finsh/finsh_heap.o
                0x0000000080217790                finsh_heap_init
                0x0000000080217804                finsh_heap_allocate
                0x0000000080217934                finsh_heap_free
 .text          0x0000000080217e5c       0xbc build/kernel/components/finsh/finsh_init.o
                0x0000000080217e5c                finsh_init
                0x0000000080217e94                finsh_stack_bottom
                0x0000000080217eb8                finsh_flush
                0x0000000080217ee8                finsh_reset
 .text          0x0000000080217f18      0x438 build/kernel/components/finsh/finsh_node.o
                0x0000000080217f18                finsh_node_init
                0x0000000080217f40                finsh_node_allocate
                0x0000000080218014                finsh_node_new_id
                0x000000008021814c                finsh_node_new_char
                0x00000000802181a4                finsh_node_new_int
                0x00000000802181f8                finsh_node_new_long
                0x000000008021824c                finsh_node_new_string
                0x00000000802182fc                finsh_node_new_ptr
 .text          0x0000000080218350     0x1c28 build/kernel/components/finsh/finsh_ops.o
                0x0000000080218350                OP_no_op
                0x0000000080218368                OP_add_byte
                0x00000000802183e0                OP_add_word
                0x0000000080218464                OP_add_dword
                0x00000000802184d8                OP_sub_byte
                0x0000000080218550                OP_sub_word
                0x00000000802185d4                OP_sub_dword
                0x0000000080218648                OP_div_byte
                0x00000000802186c4                OP_div_word
                0x0000000080218748                OP_div_dword
                0x00000000802187c0                OP_mod_byte
                0x000000008021883c                OP_mod_word
                0x00000000802188c0                OP_mod_dword
                0x0000000080218938                OP_mul_byte
                0x00000000802189b0                OP_mul_word
                0x0000000080218a34                OP_mul_dword
                0x0000000080218aa8                OP_and_byte
                0x0000000080218b20                OP_and_word
                0x0000000080218b98                OP_and_dword
                0x0000000080218c0c                OP_or_byte
                0x0000000080218c84                OP_or_word
                0x0000000080218cfc                OP_or_dword
                0x0000000080218d70                OP_xor_byte
                0x0000000080218de8                OP_xor_word
                0x0000000080218e60                OP_xor_dword
                0x0000000080218ed4                OP_bw_byte
                0x0000000080218f1c                OP_bw_word
                0x0000000080218f64                OP_bw_dword
                0x0000000080218fa8                OP_shl_byte
                0x0000000080219024                OP_shl_word
                0x00000000802190a4                OP_shl_dword
                0x0000000080219118                OP_shr_byte
                0x0000000080219194                OP_shr_word
                0x0000000080219214                OP_shr_dword
                0x0000000080219288                OP_ld_byte
                0x00000000802192f8                OP_ld_word
                0x0000000080219390                OP_ld_dword
                0x0000000080219458                OP_ld_value_byte
                0x0000000080219530                OP_ld_value_byte_stack
                0x0000000080219580                OP_ld_value_word
                0x0000000080219658                OP_ld_value_word_stack
                0x00000000802196a8                OP_ld_value_dword
                0x0000000080219780                OP_ld_value_dword_stack
                0x00000000802197d0                OP_st_byte
                0x0000000080219834                OP_st_word
                0x0000000080219898                OP_st_dword
                0x00000000802198fc                OP_pop
                0x0000000080219930                OP_call
 .text          0x0000000080219f78     0x174c build/kernel/components/finsh/finsh_parser.o
                0x000000008021b428                finsh_parser_run
                0x000000008021b694                finsh_parser_init
 .text          0x000000008021b6c4      0x4a4 build/kernel/components/finsh/finsh_var.o
                0x000000008021b6c4                finsh_var_init
                0x000000008021b6ec                finsh_var_insert
                0x000000008021b844                finsh_var_delete
                0x000000008021b90c                finsh_var_lookup
                0x000000008021b9c0                finsh_sysvar_append
                0x000000008021ba80                finsh_sysvar_lookup
 .text          0x000000008021bb68      0x258 build/kernel/components/finsh/finsh_vm.o
                0x000000008021bb68                finsh_vm_run
                0x000000008021bc2c                finsh_syscall_append
                0x000000008021bcd8                finsh_syscall_lookup
 .text          0x000000008021bdc0     0x1188 build/kernel/components/finsh/finsh_token.o
                0x000000008021bdc0                finsh_token_init
                0x000000008021bdf8                finsh_token_token
                0x000000008021be44                finsh_token_get_token
                0x000000008021be78                token_get_string
 .text          0x000000008021cf48      0x2a8 build/kernel/components/libc/minilibc/stdlib.o
                0x000000008021cf48                atoi
                0x000000008021d048                atol
                0x000000008021d148                malloc
                0x000000008021d170                free
                0x000000008021d190                realloc
                0x000000008021d1c0                calloc
 .text          0x000000008021d1f0     0x17e8 build/kernel/components/libc/minilibc/string.o
                0x000000008021d1f0                strcpy
                0x000000008021d234                strncpy
                0x000000008021d26c                strlcpy
                0x000000008021d330                strcmp
                0x000000008021d3b0                strncmp
                0x000000008021d440                strcat
                0x000000008021d4c0                strncat
                0x000000008021d578                strrchr
                0x000000008021d5e4                strncasecmp
                0x000000008021d7b4                tolower
                0x000000008021d7e4                toupper
                0x000000008021d814                simple_strtoul
                0x000000008021d9d8                simple_strtol
                0x000000008021da44                simple_strtoull
                0x000000008021dc40                simple_strtoll
                0x000000008021dcbc                vsscanf
                0x000000008021e638                sscanf
                0x000000008021e680                strspn
                0x000000008021e76c                strcspn
                0x000000008021e850                strtok_r
                0x000000008021e918                strtok
                0x000000008021e950                strchr
 .text          0x000000008021e9d8       0xf4 build/kernel/components/init/components.o
                0x000000008021ea2c                rt_components_board_init
                0x000000008021ea7c                rt_components_init
 *fill*         0x000000008021eacc        0x4 00000000
 .text          0x000000008021ead0      0x278 /usr/lib/gcc/arm-none-eabi/4.8.2/armv7-ar/thumb/softfp/libgcc.a(_udivsi3.o)
                0x000000008021ead0                __udivsi3
                0x000000008021ead0                __aeabi_uidiv
                0x000000008021ed2c                __aeabi_uidivmod
 .text          0x000000008021ed48      0x2b0 /usr/lib/gcc/arm-none-eabi/4.8.2/armv7-ar/thumb/softfp/libgcc.a(_divsi3.o)
                0x000000008021ed48                __aeabi_idiv
                0x000000008021ed48                __divsi3
                0x000000008021efdc                __aeabi_idivmod
 .text          0x000000008021eff8        0x4 /usr/lib/gcc/arm-none-eabi/4.8.2/armv7-ar/thumb/softfp/libgcc.a(_dvmd_tls.o)
                0x000000008021eff8                __aeabi_ldiv0
                0x000000008021eff8                __aeabi_idiv0
 *(.text.*)
                0x000000008021effc                . = ALIGN (0x4)
                0x000000008021effc                __fsymtab_start = .
 *(FSymTab)
 FSymTab        0x000000008021effc       0x18 build/bsp/applications/board.o
                0x000000008021effc                __fsym_reboot
                0x000000008021f008                __fsym___cmd_reboot
 FSymTab        0x000000008021f014        0xc build/kernel/src/mem.o
                0x000000008021f014                __fsym_list_mem
 FSymTab        0x000000008021f020      0x108 build/kernel/components/finsh/cmd.o
                0x000000008021f020                __fsym_hello
                0x000000008021f02c                __fsym_version
                0x000000008021f038                __fsym___cmd_version
                0x000000008021f044                __fsym_list_thread
                0x000000008021f050                __fsym___cmd_list_thread
                0x000000008021f05c                __fsym_list_sem
                0x000000008021f068                __fsym___cmd_list_sem
                0x000000008021f074                __fsym_list_event
                0x000000008021f080                __fsym___cmd_list_event
                0x000000008021f08c                __fsym_list_mutex
                0x000000008021f098                __fsym___cmd_list_mutex
                0x000000008021f0a4                __fsym_list_mailbox
                0x000000008021f0b0                __fsym___cmd_list_mailbox
                0x000000008021f0bc                __fsym_list_msgqueue
                0x000000008021f0c8                __fsym___cmd_list_msgqueue
                0x000000008021f0d4                __fsym_list_mempool
                0x000000008021f0e0                __fsym___cmd_list_mempool
                0x000000008021f0ec                __fsym_list_timer
                0x000000008021f0f8                __fsym___cmd_list_timer
                0x000000008021f104                __fsym_list_device
                0x000000008021f110                __fsym___cmd_list_device
                0x000000008021f11c                __fsym_list
 FSymTab        0x000000008021f128       0x24 build/kernel/components/finsh/msh_cmd.o
                0x000000008021f128                __fsym___cmd_ps
                0x000000008021f134                __fsym___cmd_time
                0x000000008021f140                __fsym___cmd_free
 FSymTab        0x000000008021f14c       0x24 build/kernel/components/finsh/msh.o
                0x000000008021f14c                __fsym___cmd_exit
                0x000000008021f158                __fsym_msh
                0x000000008021f164                __fsym___cmd_help
                0x000000008021f170                __fsymtab_end = .
                0x000000008021f170                . = ALIGN (0x4)
                0x000000008021f170                __vsymtab_start = .
 *(VSymTab)
 VSymTab        0x000000008021f170       0x10 build/kernel/components/finsh/cmd.o
                0x000000008021f170                __vsym_dummy
                0x000000008021f180                __vsymtab_end = .
                0x000000008021f180                . = ALIGN (0x4)
                0x000000008021f180                . = ALIGN (0x4)
                0x000000008021f180                __rtmsymtab_start = .
 *(RTMSymTab)
                0x000000008021f180                __rtmsymtab_end = .
                0x000000008021f180                . = ALIGN (0x4)
                0x000000008021f180                __rt_init_start = .
 *(SORT(.rti_fn*))
 .rti_fn.0      0x000000008021f180        0x4 build/kernel/components/init/components.o
                0x000000008021f180                __rt_init_rti_start
 .rti_fn.1      0x000000008021f184        0x4 build/bsp/drivers/serial.o
                0x000000008021f184                __rt_init_rt_hw_serial_init
 .rti_fn.1      0x000000008021f188        0x4 build/bsp/applications/board.o
                0x000000008021f188                __rt_init_rt_hw_timer_init
 .rti_fn.1.post
                0x000000008021f18c        0x4 build/kernel/components/init/components.o
                0x000000008021f18c                __rt_init_rti_board_end
 .rti_fn.3      0x000000008021f190        0x4 build/kernel/components/finsh/shell.o
                0x000000008021f190                __rt_init_finsh_system_init
 .rti_fn.7      0x000000008021f194        0x4 build/kernel/components/init/components.o
                0x000000008021f194                __rt_init_rti_end
                0x000000008021f198                __rt_init_end = .
                0x000000008021f198                __text_end = .
                0x000000008021f198                __rodata_start = .

.glue_7         0x000000008021f198        0x0
 .glue_7        0x0000000000000000        0x0 linker stubs

.glue_7t        0x000000008021f198        0x0
 .glue_7t       0x0000000000000000        0x0 linker stubs

.vfp11_veneer   0x000000008021f198        0x0
 .vfp11_veneer  0x0000000000000000        0x0 linker stubs

.v4_bx          0x000000008021f198        0x0
 .v4_bx         0x0000000000000000        0x0 linker stubs

.iplt           0x000000008021f198        0x0
 .iplt          0x0000000000000000        0x0 /usr/lib/gcc/arm-none-eabi/4.8.2/armv7-ar/thumb/softfp/crtbegin.o

.rodata         0x000000008021f198     0x225c
 *(.rodata)
 .rodata        0x000000008021f198       0xe0 build/bsp/drivers/serial.o
 .rodata        0x000000008021f278       0x40 build/bsp/applications/application.o
 .rodata        0x000000008021f2b8       0x7c build/bsp/applications/board.o
                0x000000008021f2ec                __fsym_reboot_name
                0x000000008021f2f4                __fsym_reboot_desc
                0x000000008021f304                __fsym___cmd_reboot_name
                0x000000008021f314                __fsym___cmd_reboot_desc
 .rodata        0x000000008021f334      0x130 build/kernel/src/device.o
 .rodata        0x000000008021f464       0x68 build/kernel/src/idle.o
 .rodata        0x000000008021f4cc      0x304 build/kernel/src/ipc.o
 .rodata        0x000000008021f7d0      0x1b8 build/kernel/src/kservice.o
                0x000000008021f860                __lowest_bit_bitmap
 .rodata        0x000000008021f988      0x348 build/kernel/src/mem.o
                0x000000008021fc58                __fsym_list_mem_name
                0x000000008021fc64                __fsym_list_mem_desc
 .rodata        0x000000008021fcd0       0xf0 build/kernel/src/object.o
 .rodata        0x000000008021fdc0       0x6c build/kernel/src/scheduler.o
 .rodata        0x000000008021fe2c      0x170 build/kernel/src/thread.o
 .rodata        0x000000008021ff9c       0xc4 build/kernel/src/timer.o
 .rodata        0x0000000080220060       0x48 build/kernel/libcpu/arm/am335x/cpu.o
 .rodata        0x00000000802200a8       0x80 build/kernel/libcpu/arm/am335x/interrupt.o
                0x00000000802200f0                AM335X_VECTOR_BASE
 .rodata        0x0000000080220128      0x120 build/kernel/libcpu/arm/am335x/trap.o
 .rodata        0x0000000080220248       0x40 build/kernel/components/gdb/gdb_stub.o
 .rodata        0x0000000080220288       0x50 build/kernel/components/gdb/hal_stub.o
 .rodata        0x00000000802202d8      0x12c build/kernel/components/drivers/serial/serial.o
 .rodata        0x0000000080220404       0xd0 build/kernel/components/drivers/src/dataqueue.o
 .rodata        0x00000000802204d4      0x160 build/kernel/components/finsh/shell.o
 .rodata        0x0000000080220634      0xa10 build/kernel/components/finsh/cmd.o
                0x0000000080220648                __fsym_hello_name
                0x0000000080220650                __fsym_hello_desc
                0x0000000080220660                __fsym_version_name
                0x0000000080220668                __fsym_version_desc
                0x000000008022068c                __fsym___cmd_version_name
                0x000000008022069c                __fsym___cmd_version_desc
                0x00000000802207b8                __fsym_list_thread_name
                0x00000000802207c4                __fsym_list_thread_desc
                0x00000000802207d0                __fsym___cmd_list_thread_name
                0x00000000802207e4                __fsym___cmd_list_thread_desc
                0x0000000080220864                __fsym_list_sem_name
                0x0000000080220870                __fsym_list_sem_desc
                0x000000008022088c                __fsym___cmd_list_sem_name
                0x000000008022089c                __fsym___cmd_list_sem_desc
                0x000000008022092c                __fsym_list_event_name
                0x0000000080220938                __fsym_list_event_desc
                0x0000000080220950                __fsym___cmd_list_event_name
                0x0000000080220964                __fsym___cmd_list_event_desc
                0x00000000802209e4                __fsym_list_mutex_name
                0x00000000802209f0                __fsym_list_mutex_desc
                0x0000000080220a08                __fsym___cmd_list_mutex_name
                0x0000000080220a1c                __fsym___cmd_list_mutex_desc
                0x0000000080220aac                __fsym_list_mailbox_name
                0x0000000080220abc                __fsym_list_mailbox_desc
                0x0000000080220ad4                __fsym___cmd_list_mailbox_name
                0x0000000080220ae8                __fsym___cmd_list_mailbox_desc
                0x0000000080220b68                __fsym_list_msgqueue_name
                0x0000000080220b78                __fsym_list_msgqueue_desc
                0x0000000080220b98                __fsym___cmd_list_msgqueue_name
                0x0000000080220bac                __fsym___cmd_list_msgqueue_desc
                0x0000000080220c5c                __fsym_list_mempool_name
                0x0000000080220c6c                __fsym_list_mempool_desc
                0x0000000080220c88                __fsym___cmd_list_mempool_name
                0x0000000080220c9c                __fsym___cmd_list_mempool_desc
                0x0000000080220d58                __fsym_list_timer_name
                0x0000000080220d64                __fsym_list_timer_desc
                0x0000000080220d7c                __fsym___cmd_list_timer_name
                0x0000000080220d90                __fsym___cmd_list_timer_desc
                0x0000000080220f40                __fsym_list_device_name
                0x0000000080220f4c                __fsym_list_device_desc
                0x0000000080220f64                __fsym___cmd_list_device_name
                0x0000000080220f78                __fsym___cmd_list_device_desc
                0x0000000080220fd4                __fsym_list_name
                0x0000000080220fdc                __fsym_list_desc
                0x0000000080221020                __vsym_dummy_name
                0x0000000080221028                __vsym_dummy_desc
 .rodata        0x0000000080221044       0x84 build/kernel/components/finsh/msh_cmd.o
                0x0000000080221044                __fsym___cmd_ps_name
                0x0000000080221050                __fsym___cmd_ps_desc
                0x000000008022106c                __fsym___cmd_time_name
                0x0000000080221078                __fsym___cmd_time_desc
                0x0000000080221094                __fsym___cmd_free_name
                0x00000000802210a0                __fsym___cmd_free_desc
 .rodata        0x00000000802210c8       0xf4 build/kernel/components/finsh/msh.o
                0x00000000802210c8                __fsym___cmd_exit_name
                0x00000000802210d4                __fsym___cmd_exit_desc
                0x00000000802210f4                __fsym_msh_name
                0x00000000802210f8                __fsym_msh_desc
                0x0000000080221140                __fsym___cmd_help_name
                0x000000008022114c                __fsym___cmd_help_desc
 .rodata        0x00000000802211bc       0xf4 build/kernel/components/finsh/finsh_error.o
 .rodata        0x00000000802212b0       0xc4 build/kernel/components/finsh/finsh_ops.o
                0x00000000802212b0                op_table
 .rodata        0x0000000080221374       0x80 build/kernel/components/finsh/finsh_token.o
 *(.rodata.*)
                0x00000000802213f4                __rodata_end = .

.rel.dyn        0x00000000802213f4        0x0
 .rel.iplt      0x0000000000000000        0x0 /usr/lib/gcc/arm-none-eabi/4.8.2/armv7-ar/thumb/softfp/crtbegin.o
                0x00000000802213f4                . = ALIGN (0x4)

.ctors          0x00000000802213f4        0x0
                0x00000000802213f4                PROVIDE (__ctors_start__, .)
 *(SORT(.ctors.*))
 *(.ctors)
                0x00000000802213f4                PROVIDE (__ctors_end__, .)

.dtors          0x00000000802213f4        0x0
                0x00000000802213f4                PROVIDE (__dtors_start__, .)
 *(SORT(.dtors.*))
 *(.dtors)
                0x00000000802213f4                PROVIDE (__dtors_end__, .)
                0x00000000802213f4                __data_start = .
                0x00000000802213f4                . = ALIGN (0x4)

.data           0x00000000802213f4      0x220
 *(.data)
 .data          0x00000000802213f4       0x28 build/bsp/drivers/serial.o
                0x00000000802213f4                uart0
                0x00000000802213fc                uart1
                0x0000000080221404                uart2
                0x000000008022140c                uart4
                0x0000000080221414                uart5
 .data          0x000000008022141c       0x90 build/kernel/src/object.o
                0x000000008022141c                rt_object_container
 .data          0x00000000802214ac       0x10 build/kernel/components/gdb/hal_stub.o
                0x00000000802214ac                gdb_io_ops
 .data          0x00000000802214bc       0x1c build/kernel/components/gdb/libcpu/arm/arm_stub.o
                0x00000000802214bc                arch_gdb_ops
 .data          0x00000000802214d8       0x3c build/kernel/components/finsh/finsh_error.o
 .data          0x0000000080221514      0x100 build/kernel/components/libc/minilibc/string.o
                0x0000000080221514                _ctype
 *(.data.*)
                0x0000000080221614                __data_end = .

.igot.plt       0x0000000080221614        0x0
 .igot.plt      0x0000000000000000        0x0 /usr/lib/gcc/arm-none-eabi/4.8.2/armv7-ar/thumb/softfp/crtbegin.o
                0x0000000080221614                . = ALIGN (0x4)
                0x0000000080221614                __bss_start = __data_end

.bss            0x0000000080221614     0x2a64
 *(.bss)
 .bss           0x0000000080221614        0x4 build/kernel/src/clock.o
 .bss           0x0000000080221618      0x27c build/kernel/src/idle.o
 .bss           0x0000000080221894       0x88 build/kernel/src/kservice.o
 .bss           0x000000008022191c       0x3c build/kernel/src/mem.o
 .bss           0x0000000080221958        0x8 build/kernel/src/object.o
 .bss           0x0000000080221960        0x8 build/kernel/src/scheduler.o
 .bss           0x0000000080221968       0x10 build/kernel/src/timer.o
 .bss           0x0000000080221978      0x120 build/kernel/components/gdb/gdb_stub.o
 .bss           0x0000000080221a98        0x8 build/kernel/components/gdb/hal_stub.o
 .bss           0x0000000080221aa0        0x4 build/kernel/components/gdb/libcpu/arm/arm_stub.o
 .bss           0x0000000080221aa4     0x10fc build/kernel/components/finsh/shell.o
 .bss           0x0000000080222ba0       0x10 build/kernel/components/finsh/symbol.o
                0x0000000080222ba0                _syscall_table_begin
                0x0000000080222ba4                _syscall_table_end
                0x0000000080222ba8                _sysvar_table_begin
                0x0000000080222bac                _sysvar_table_end
 .bss           0x0000000080222bb0        0x4 build/kernel/components/finsh/cmd.o
 .bss           0x0000000080222bb4        0x4 build/kernel/components/finsh/msh.o
 .bss           0x0000000080222bb8        0x8 build/kernel/components/finsh/finsh_heap.o
 .bss           0x0000000080222bc0        0x4 build/kernel/components/finsh/finsh_vm.o
                0x0000000080222bc0                global_syscall_list
 .bss           0x0000000080222bc4        0x4 build/kernel/components/libc/minilibc/string.o
 *(.bss.*)
 *(COMMON)
 COMMON         0x0000000080222bc8      0x3ac build/bsp/drivers/serial.o
                0x0000000080222bc8                serial5
                0x0000000080222c40                uart4_int_rx
                0x0000000080222c84                serial0
                0x0000000080222cfc                uart0_int_rx
                0x0000000080222d40                serial1
                0x0000000080222db8                serial4
                0x0000000080222e30                uart2_int_rx
                0x0000000080222e74                uart5_int_rx
                0x0000000080222eb8                uart1_int_rx
                0x0000000080222efc                serial2
 COMMON         0x0000000080222f74        0x4 build/bsp/applications/application.o
                0x0000000080222f74                gdb_connected
 COMMON         0x0000000080222f78        0x1 build/kernel/src/irq.o
                0x0000000080222f78                rt_interrupt_nest
 *fill*         0x0000000080222f79        0x3 
 COMMON         0x0000000080222f7c        0xc build/kernel/src/object.o
                0x0000000080222f7c                rt_object_put_hook
                0x0000000080222f80                rt_object_take_hook
                0x0000000080222f84                rt_object_trytake_hook
 COMMON         0x0000000080222f88      0x114 build/kernel/src/scheduler.o
                0x0000000080222f88                rt_thread_priority_table
                0x0000000080223088                rt_current_priority
                0x000000008022308c                rt_current_thread
                0x0000000080223090                rt_thread_ready_priority_group
                0x0000000080223094                rt_thread_defunct
 COMMON         0x000000008022309c      0xa0c build/kernel/libcpu/arm/am335x/interrupt.o
                0x000000008022309c                rt_interrupt_to_thread
                0x00000000802230a0                rt_interrupt_from_thread
                0x00000000802230a4                rt_thread_switch_interrupt_flag
                0x00000000802230a8                isr_table
 COMMON         0x0000000080223aa8      0x1b0 build/kernel/components/gdb/gdb_stub.o
                0x0000000080223aa8                gs
                0x0000000080223ac8                remcom_in_buffer
                0x0000000080223b90                remcom_out_buffer
 COMMON         0x0000000080223c58        0x4 build/kernel/components/gdb/libcpu/arm/arm_stub.o
                0x0000000080223c58                regs
 COMMON         0x0000000080223c5c        0x4 build/kernel/components/finsh/shell.o
                0x0000000080223c5c                shell
 COMMON         0x0000000080223c60        0x8 build/kernel/components/finsh/finsh_compiler.o
                0x0000000080223c60                finsh_compile_pc
                0x0000000080223c64                finsh_compile_sp
 COMMON         0x0000000080223c68        0x1 build/kernel/components/finsh/finsh_error.o
                0x0000000080223c68                global_errno
 *fill*         0x0000000080223c69        0x3 
 COMMON         0x0000000080223c6c       0x80 build/kernel/components/finsh/finsh_heap.o
                0x0000000080223c6c                finsh_heap
 COMMON         0x0000000080223cec      0x140 build/kernel/components/finsh/finsh_node.o
                0x0000000080223cec                global_node_table
 COMMON         0x0000000080223e2c       0xc4 build/kernel/components/finsh/finsh_var.o
                0x0000000080223e2c                global_sysvar_list
                0x0000000080223e30                global_variable
 COMMON         0x0000000080223ef0      0x188 build/kernel/components/finsh/finsh_vm.o
                0x0000000080223ef0                text_segment
                0x0000000080223f70                finsh_vm_stack
                0x0000000080224070                finsh_pc
                0x0000000080224074                finsh_sp
                0x0000000080224078                . = ALIGN (0x4)
                0x0000000080224078                . = ALIGN (0x4)
                0x0000000080224078                __bss_end = .

.stab
 *(.stab)

.stabstr
 *(.stabstr)

.stab.excl
 *(.stab.excl)

.stab.exclstr
 *(.stab.exclstr)

.stab.index
 *(.stab.index)

.stab.indexstr
 *(.stab.indexstr)

.comment        0x0000000000000000       0x1f
 *(.comment)
 .comment       0x0000000000000000       0x1f build/bsp/drivers/serial.o
                                         0x20 (size before relaxing)
 .comment       0x0000000000000000       0x20 build/bsp/applications/application.o
 .comment       0x0000000000000000       0x20 build/bsp/applications/board.o
 .comment       0x0000000000000000       0x20 build/bsp/applications/startup.o
 .comment       0x0000000000000000       0x20 build/kernel/src/clock.o
 .comment       0x0000000000000000       0x20 build/kernel/src/device.o
 .comment       0x0000000000000000       0x20 build/kernel/src/idle.o
 .comment       0x0000000000000000       0x20 build/kernel/src/ipc.o
 .comment       0x0000000000000000       0x20 build/kernel/src/irq.o
 .comment       0x0000000000000000       0x20 build/kernel/src/kservice.o
 .comment       0x0000000000000000       0x20 build/kernel/src/mem.o
 .comment       0x0000000000000000       0x20 build/kernel/src/object.o
 .comment       0x0000000000000000       0x20 build/kernel/src/scheduler.o
 .comment       0x0000000000000000       0x20 build/kernel/src/thread.o
 .comment       0x0000000000000000       0x20 build/kernel/src/timer.o
 .comment       0x0000000000000000       0x20 build/kernel/libcpu/arm/am335x/cpu.o
 .comment       0x0000000000000000       0x20 build/kernel/libcpu/arm/am335x/interrupt.o
 .comment       0x0000000000000000       0x20 build/kernel/libcpu/arm/am335x/stack.o
 .comment       0x0000000000000000       0x20 build/kernel/libcpu/arm/am335x/trap.o
 .comment       0x0000000000000000       0x20 build/kernel/components/gdb/gdb_stub.o
 .comment       0x0000000000000000       0x20 build/kernel/components/gdb/hal_stub.o
 .comment       0x0000000000000000       0x20 build/kernel/components/gdb/libcpu/arm/arm_stub.o
 .comment       0x0000000000000000       0x20 build/kernel/components/drivers/serial/serial.o
 .comment       0x0000000000000000       0x20 build/kernel/components/drivers/src/dataqueue.o
 .comment       0x0000000000000000       0x20 build/kernel/components/finsh/shell.o
 .comment       0x0000000000000000       0x20 build/kernel/components/finsh/symbol.o
 .comment       0x0000000000000000       0x20 build/kernel/components/finsh/cmd.o
 .comment       0x0000000000000000       0x20 build/kernel/components/finsh/msh_cmd.o
 .comment       0x0000000000000000       0x20 build/kernel/components/finsh/msh.o
 .comment       0x0000000000000000       0x20 build/kernel/components/finsh/finsh_compiler.o
 .comment       0x0000000000000000       0x20 build/kernel/components/finsh/finsh_error.o
 .comment       0x0000000000000000       0x20 build/kernel/components/finsh/finsh_heap.o
 .comment       0x0000000000000000       0x20 build/kernel/components/finsh/finsh_init.o
 .comment       0x0000000000000000       0x20 build/kernel/components/finsh/finsh_node.o
 .comment       0x0000000000000000       0x20 build/kernel/components/finsh/finsh_ops.o
 .comment       0x0000000000000000       0x20 build/kernel/components/finsh/finsh_parser.o
 .comment       0x0000000000000000       0x20 build/kernel/components/finsh/finsh_var.o
 .comment       0x0000000000000000       0x20 build/kernel/components/finsh/finsh_vm.o
 .comment       0x0000000000000000       0x20 build/kernel/components/finsh/finsh_token.o
 .comment       0x0000000000000000       0x20 build/kernel/components/libc/minilibc/stdlib.o
 .comment       0x0000000000000000       0x20 build/kernel/components/libc/minilibc/string.o
 .comment       0x0000000000000000       0x20 build/kernel/components/init/components.o
                0x0000000000000020                _end = .
OUTPUT(rtthread-beaglebone.elf elf32-littlearm)

.ARM.attributes
                0x0000000000000000       0x2d
 .ARM.attributes
                0x0000000000000000       0x2f build/bsp/drivers/serial.o
 .ARM.attributes
                0x000000000000002f       0x2f build/bsp/applications/application.o
 .ARM.attributes
                0x000000000000005e       0x2f build/bsp/applications/board.o
 .ARM.attributes
                0x000000000000008d       0x2f build/bsp/applications/startup.o
 .ARM.attributes
                0x00000000000000bc       0x2f build/kernel/src/clock.o
 .ARM.attributes
                0x00000000000000eb       0x2f build/kernel/src/device.o
 .ARM.attributes
                0x000000000000011a       0x2f build/kernel/src/idle.o
 .ARM.attributes
                0x0000000000000149       0x2f build/kernel/src/ipc.o
 .ARM.attributes
                0x0000000000000178       0x2f build/kernel/src/irq.o
 .ARM.attributes
                0x00000000000001a7       0x2f build/kernel/src/kservice.o
 .ARM.attributes
                0x00000000000001d6       0x2f build/kernel/src/mem.o
 .ARM.attributes
                0x0000000000000205       0x2f build/kernel/src/object.o
 .ARM.attributes
                0x0000000000000234       0x2f build/kernel/src/scheduler.o
 .ARM.attributes
                0x0000000000000263       0x2f build/kernel/src/thread.o
 .ARM.attributes
                0x0000000000000292       0x2f build/kernel/src/timer.o
 .ARM.attributes
                0x00000000000002c1       0x2f build/kernel/libcpu/arm/am335x/cpu.o
 .ARM.attributes
                0x00000000000002f0       0x2f build/kernel/libcpu/arm/am335x/interrupt.o
 .ARM.attributes
                0x000000000000031f       0x2f build/kernel/libcpu/arm/am335x/stack.o
 .ARM.attributes
                0x000000000000034e       0x2f build/kernel/libcpu/arm/am335x/trap.o
 .ARM.attributes
                0x000000000000037d       0x1f build/kernel/libcpu/arm/am335x/context_gcc.o
 .ARM.attributes
                0x000000000000039c       0x1f build/kernel/libcpu/arm/am335x/cp15_gcc.o
 .ARM.attributes
                0x00000000000003bb       0x1f build/kernel/libcpu/arm/am335x/start_gcc.o
 .ARM.attributes
                0x00000000000003da       0x1f build/kernel/libcpu/arm/am335x/vector_gcc.o
 .ARM.attributes
                0x00000000000003f9       0x2f build/kernel/components/gdb/gdb_stub.o
 .ARM.attributes
                0x0000000000000428       0x2f build/kernel/components/gdb/hal_stub.o
 .ARM.attributes
                0x0000000000000457       0x2f build/kernel/components/gdb/libcpu/arm/arm_stub.o
 .ARM.attributes
                0x0000000000000486       0x2f build/kernel/components/drivers/serial/serial.o
 .ARM.attributes
                0x00000000000004b5       0x2f build/kernel/components/drivers/src/dataqueue.o
 .ARM.attributes
                0x00000000000004e4       0x2f build/kernel/components/finsh/shell.o
 .ARM.attributes
                0x0000000000000513       0x2f build/kernel/components/finsh/symbol.o
 .ARM.attributes
                0x0000000000000542       0x2f build/kernel/components/finsh/cmd.o
 .ARM.attributes
                0x0000000000000571       0x2f build/kernel/components/finsh/msh_cmd.o
 .ARM.attributes
                0x00000000000005a0       0x2f build/kernel/components/finsh/msh.o
 .ARM.attributes
                0x00000000000005cf       0x2f build/kernel/components/finsh/finsh_compiler.o
 .ARM.attributes
                0x00000000000005fe       0x2f build/kernel/components/finsh/finsh_error.o
 .ARM.attributes
                0x000000000000062d       0x2f build/kernel/components/finsh/finsh_heap.o
 .ARM.attributes
                0x000000000000065c       0x2f build/kernel/components/finsh/finsh_init.o
 .ARM.attributes
                0x000000000000068b       0x2f build/kernel/components/finsh/finsh_node.o
 .ARM.attributes
                0x00000000000006ba       0x2f build/kernel/components/finsh/finsh_ops.o
 .ARM.attributes
                0x00000000000006e9       0x2f build/kernel/components/finsh/finsh_parser.o
 .ARM.attributes
                0x0000000000000718       0x2f build/kernel/components/finsh/finsh_var.o
 .ARM.attributes
                0x0000000000000747       0x2f build/kernel/components/finsh/finsh_vm.o
 .ARM.attributes
                0x0000000000000776       0x2f build/kernel/components/finsh/finsh_token.o
 .ARM.attributes
                0x00000000000007a5       0x2f build/kernel/components/libc/minilibc/stdlib.o
 .ARM.attributes
                0x00000000000007d4       0x2f build/kernel/components/libc/minilibc/string.o
 .ARM.attributes
                0x0000000000000803       0x2f build/kernel/components/init/components.o
 .ARM.attributes
                0x0000000000000832       0x1b /usr/lib/gcc/arm-none-eabi/4.8.2/armv7-ar/thumb/softfp/libgcc.a(_udivsi3.o)
 .ARM.attributes
                0x000000000000084d       0x1b /usr/lib/gcc/arm-none-eabi/4.8.2/armv7-ar/thumb/softfp/libgcc.a(_divsi3.o)
 .ARM.attributes
                0x0000000000000868       0x1b /usr/lib/gcc/arm-none-eabi/4.8.2/armv7-ar/thumb/softfp/libgcc.a(_dvmd_tls.o)

.debug_info     0x0000000000000000    0x1396f
 .debug_info    0x0000000000000000      0xc8f build/bsp/drivers/serial.o
 .debug_info    0x0000000000000c8f      0x3b8 build/bsp/applications/application.o
 .debug_info    0x0000000000001047      0x2bf build/bsp/applications/board.o
 .debug_info    0x0000000000001306       0xa2 build/bsp/applications/startup.o
 .debug_info    0x00000000000013a8      0x412 build/kernel/src/clock.o
 .debug_info    0x00000000000017ba      0xa04 build/kernel/src/device.o
 .debug_info    0x00000000000021be      0x52c build/kernel/src/idle.o
 .debug_info    0x00000000000026ea     0x2087 build/kernel/src/ipc.o
 .debug_info    0x0000000000004771       0xfe build/kernel/src/irq.o
 .debug_info    0x000000000000486f     0x1111 build/kernel/src/kservice.o
 .debug_info    0x0000000000005980      0x942 build/kernel/src/mem.o
 .debug_info    0x00000000000062c2      0x731 build/kernel/src/object.o
 .debug_info    0x00000000000069f3      0x6f2 build/kernel/src/scheduler.o
 .debug_info    0x00000000000070e5      0xc54 build/kernel/src/thread.o
 .debug_info    0x0000000000007d39      0x9b3 build/kernel/src/timer.o
 .debug_info    0x00000000000086ec      0x1ec build/kernel/libcpu/arm/am335x/cpu.o
 .debug_info    0x00000000000088d8      0x3f0 build/kernel/libcpu/arm/am335x/interrupt.o
 .debug_info    0x0000000000008cc8       0xea build/kernel/libcpu/arm/am335x/stack.o
 .debug_info    0x0000000000008db2      0x663 build/kernel/libcpu/arm/am335x/trap.o
 .debug_info    0x0000000000009415       0x7f build/kernel/libcpu/arm/am335x/context_gcc.o
 .debug_info    0x0000000000009494       0x7c build/kernel/libcpu/arm/am335x/cp15_gcc.o
 .debug_info    0x0000000000009510       0x7d build/kernel/libcpu/arm/am335x/start_gcc.o
 .debug_info    0x000000000000958d       0x7e build/kernel/libcpu/arm/am335x/vector_gcc.o
 .debug_info    0x000000000000960b      0xb41 build/kernel/components/gdb/gdb_stub.o
 .debug_info    0x000000000000a14c      0x815 build/kernel/components/gdb/hal_stub.o
 .debug_info    0x000000000000a961      0x3ce build/kernel/components/gdb/libcpu/arm/arm_stub.o
 .debug_info    0x000000000000ad2f      0xd86 build/kernel/components/drivers/serial/serial.o
 .debug_info    0x000000000000bab5      0x8a3 build/kernel/components/drivers/src/dataqueue.o
 .debug_info    0x000000000000c358      0xfaa build/kernel/components/finsh/shell.o
 .debug_info    0x000000000000d302      0x16c build/kernel/components/finsh/symbol.o
 .debug_info    0x000000000000d46e     0x1892 build/kernel/components/finsh/cmd.o
 .debug_info    0x000000000000ed00      0x2ad build/kernel/components/finsh/msh_cmd.o
 .debug_info    0x000000000000efad      0x60d build/kernel/components/finsh/msh.o
 .debug_info    0x000000000000f5ba      0x584 build/kernel/components/finsh/finsh_compiler.o
 .debug_info    0x000000000000fb3e      0x147 build/kernel/components/finsh/finsh_error.o
 .debug_info    0x000000000000fc85      0x420 build/kernel/components/finsh/finsh_heap.o
 .debug_info    0x00000000000100a5      0x49e build/kernel/components/finsh/finsh_init.o
 .debug_info    0x0000000000010543      0x499 build/kernel/components/finsh/finsh_node.o
 .debug_info    0x00000000000109dc      0x633 build/kernel/components/finsh/finsh_ops.o
 .debug_info    0x000000000001100f      0xc05 build/kernel/components/finsh/finsh_parser.o
 .debug_info    0x0000000000011c14      0x3c2 build/kernel/components/finsh/finsh_var.o
 .debug_info    0x0000000000011fd6      0x2d4 build/kernel/components/finsh/finsh_vm.o
 .debug_info    0x00000000000122aa      0x6ce build/kernel/components/finsh/finsh_token.o
 .debug_info    0x0000000000012978      0x1e5 build/kernel/components/libc/minilibc/stdlib.o
 .debug_info    0x0000000000012b5d      0xa9f build/kernel/components/libc/minilibc/string.o
 .debug_info    0x00000000000135fc      0x15a build/kernel/components/init/components.o
 .debug_info    0x0000000000013756       0xb3 /usr/lib/gcc/arm-none-eabi/4.8.2/armv7-ar/thumb/softfp/libgcc.a(_udivsi3.o)
 .debug_info    0x0000000000013809       0xb3 /usr/lib/gcc/arm-none-eabi/4.8.2/armv7-ar/thumb/softfp/libgcc.a(_divsi3.o)
 .debug_info    0x00000000000138bc       0xb3 /usr/lib/gcc/arm-none-eabi/4.8.2/armv7-ar/thumb/softfp/libgcc.a(_dvmd_tls.o)

.debug_abbrev   0x0000000000000000     0x45ce
 .debug_abbrev  0x0000000000000000      0x22e build/bsp/drivers/serial.o
 .debug_abbrev  0x000000000000022e      0x106 build/bsp/applications/application.o
 .debug_abbrev  0x0000000000000334      0x15f build/bsp/applications/board.o
 .debug_abbrev  0x0000000000000493       0x6d build/bsp/applications/startup.o
 .debug_abbrev  0x0000000000000500      0x138 build/kernel/src/clock.o
 .debug_abbrev  0x0000000000000638      0x18a build/kernel/src/device.o
 .debug_abbrev  0x00000000000007c2      0x1b7 build/kernel/src/idle.o
 .debug_abbrev  0x0000000000000979      0x213 build/kernel/src/ipc.o
 .debug_abbrev  0x0000000000000b8c       0x92 build/kernel/src/irq.o
 .debug_abbrev  0x0000000000000c1e      0x2dc build/kernel/src/kservice.o
 .debug_abbrev  0x0000000000000efa      0x239 build/kernel/src/mem.o
 .debug_abbrev  0x0000000000001133      0x1f7 build/kernel/src/object.o
 .debug_abbrev  0x000000000000132a      0x1ce build/kernel/src/scheduler.o
 .debug_abbrev  0x00000000000014f8      0x221 build/kernel/src/thread.o
 .debug_abbrev  0x0000000000001719      0x28f build/kernel/src/timer.o
 .debug_abbrev  0x00000000000019a8      0x118 build/kernel/libcpu/arm/am335x/cpu.o
 .debug_abbrev  0x0000000000001ac0      0x180 build/kernel/libcpu/arm/am335x/interrupt.o
 .debug_abbrev  0x0000000000001c40       0x7f build/kernel/libcpu/arm/am335x/stack.o
 .debug_abbrev  0x0000000000001cbf      0x147 build/kernel/libcpu/arm/am335x/trap.o
 .debug_abbrev  0x0000000000001e06       0x14 build/kernel/libcpu/arm/am335x/context_gcc.o
 .debug_abbrev  0x0000000000001e1a       0x14 build/kernel/libcpu/arm/am335x/cp15_gcc.o
 .debug_abbrev  0x0000000000001e2e       0x14 build/kernel/libcpu/arm/am335x/start_gcc.o
 .debug_abbrev  0x0000000000001e42       0x14 build/kernel/libcpu/arm/am335x/vector_gcc.o
 .debug_abbrev  0x0000000000001e56      0x2ee build/kernel/components/gdb/gdb_stub.o
 .debug_abbrev  0x0000000000002144      0x1d4 build/kernel/components/gdb/hal_stub.o
 .debug_abbrev  0x0000000000002318      0x13a build/kernel/components/gdb/libcpu/arm/arm_stub.o
 .debug_abbrev  0x0000000000002452      0x248 build/kernel/components/drivers/serial/serial.o
 .debug_abbrev  0x000000000000269a      0x1de build/kernel/components/drivers/src/dataqueue.o
 .debug_abbrev  0x0000000000002878      0x32f build/kernel/components/finsh/shell.o
 .debug_abbrev  0x0000000000002ba7       0x96 build/kernel/components/finsh/symbol.o
 .debug_abbrev  0x0000000000002c3d      0x2bb build/kernel/components/finsh/cmd.o
 .debug_abbrev  0x0000000000002ef8      0x101 build/kernel/components/finsh/msh_cmd.o
 .debug_abbrev  0x0000000000002ff9      0x245 build/kernel/components/finsh/msh.o
 .debug_abbrev  0x000000000000323e      0x22d build/kernel/components/finsh/finsh_compiler.o
 .debug_abbrev  0x000000000000346b       0xbe build/kernel/components/finsh/finsh_error.o
 .debug_abbrev  0x0000000000003529      0x199 build/kernel/components/finsh/finsh_heap.o
 .debug_abbrev  0x00000000000036c2      0x17b build/kernel/components/finsh/finsh_init.o
 .debug_abbrev  0x000000000000383d      0x1b5 build/kernel/components/finsh/finsh_node.o
 .debug_abbrev  0x00000000000039f2      0x15d build/kernel/components/finsh/finsh_ops.o
 .debug_abbrev  0x0000000000003b4f      0x22f build/kernel/components/finsh/finsh_parser.o
 .debug_abbrev  0x0000000000003d7e      0x16b build/kernel/components/finsh/finsh_var.o
 .debug_abbrev  0x0000000000003ee9      0x146 build/kernel/components/finsh/finsh_vm.o
 .debug_abbrev  0x000000000000402f      0x223 build/kernel/components/finsh/finsh_token.o
 .debug_abbrev  0x0000000000004252       0xf6 build/kernel/components/libc/minilibc/stdlib.o
 .debug_abbrev  0x0000000000004348      0x1a8 build/kernel/components/libc/minilibc/string.o
 .debug_abbrev  0x00000000000044f0       0xa2 build/kernel/components/init/components.o
 .debug_abbrev  0x0000000000004592       0x14 /usr/lib/gcc/arm-none-eabi/4.8.2/armv7-ar/thumb/softfp/libgcc.a(_udivsi3.o)
 .debug_abbrev  0x00000000000045a6       0x14 /usr/lib/gcc/arm-none-eabi/4.8.2/armv7-ar/thumb/softfp/libgcc.a(_divsi3.o)
 .debug_abbrev  0x00000000000045ba       0x14 /usr/lib/gcc/arm-none-eabi/4.8.2/armv7-ar/thumb/softfp/libgcc.a(_dvmd_tls.o)

.debug_loc      0x0000000000000000     0x559c
 .debug_loc     0x0000000000000000      0x1e4 build/bsp/drivers/serial.o
 .debug_loc     0x00000000000001e4       0x58 build/bsp/applications/application.o
 .debug_loc     0x000000000000023c       0xdc build/bsp/applications/board.o
 .debug_loc     0x0000000000000318       0x58 build/bsp/applications/startup.o
 .debug_loc     0x0000000000000370       0xdc build/kernel/src/clock.o
 .debug_loc     0x000000000000044c      0x210 build/kernel/src/device.o
 .debug_loc     0x000000000000065c      0x108 build/kernel/src/idle.o
 .debug_loc     0x0000000000000764      0x7bc build/kernel/src/ipc.o
 .debug_loc     0x0000000000000f20       0x84 build/kernel/src/irq.o
 .debug_loc     0x0000000000000fa4      0x520 build/kernel/src/kservice.o
 .debug_loc     0x00000000000014c4      0x1b8 build/kernel/src/mem.o
 .debug_loc     0x000000000000167c      0x294 build/kernel/src/object.o
 .debug_loc     0x0000000000001910      0x23c build/kernel/src/scheduler.o
 .debug_loc     0x0000000000001b4c      0x370 build/kernel/src/thread.o
 .debug_loc     0x0000000000001ebc      0x39c build/kernel/src/timer.o
 .debug_loc     0x0000000000002258      0x1b8 build/kernel/libcpu/arm/am335x/cpu.o
 .debug_loc     0x0000000000002410      0x210 build/kernel/libcpu/arm/am335x/interrupt.o
 .debug_loc     0x0000000000002620       0x2c build/kernel/libcpu/arm/am335x/stack.o
 .debug_loc     0x000000000000264c      0x134 build/kernel/libcpu/arm/am335x/trap.o
 .debug_loc     0x0000000000002780      0x4fc build/kernel/components/gdb/gdb_stub.o
 .debug_loc     0x0000000000002c7c       0xb0 build/kernel/components/gdb/hal_stub.o
 .debug_loc     0x0000000000002d2c       0xdc build/kernel/components/gdb/libcpu/arm/arm_stub.o
 .debug_loc     0x0000000000002e08      0x268 build/kernel/components/drivers/serial/serial.o
 .debug_loc     0x0000000000003070      0x160 build/kernel/components/drivers/src/dataqueue.o
 .debug_loc     0x00000000000031d0      0x268 build/kernel/components/finsh/shell.o
 .debug_loc     0x0000000000003438      0x4a4 build/kernel/components/finsh/cmd.o
 .debug_loc     0x00000000000038dc       0x84 build/kernel/components/finsh/msh_cmd.o
 .debug_loc     0x0000000000003960      0x1b8 build/kernel/components/finsh/msh.o
 .debug_loc     0x0000000000003b18       0x84 build/kernel/components/finsh/finsh_compiler.o
 .debug_loc     0x0000000000003b9c       0xb0 build/kernel/components/finsh/finsh_error.o
 .debug_loc     0x0000000000003c4c      0x160 build/kernel/components/finsh/finsh_heap.o
 .debug_loc     0x0000000000003dac       0xb0 build/kernel/components/finsh/finsh_init.o
 .debug_loc     0x0000000000003e5c      0x160 build/kernel/components/finsh/finsh_node.o
 .debug_loc     0x0000000000003fbc      0x840 build/kernel/components/finsh/finsh_ops.o
 .debug_loc     0x00000000000047fc      0x370 build/kernel/components/finsh/finsh_parser.o
 .debug_loc     0x0000000000004b6c      0x108 build/kernel/components/finsh/finsh_var.o
 .debug_loc     0x0000000000004c74       0x84 build/kernel/components/finsh/finsh_vm.o
 .debug_loc     0x0000000000004cf8      0x268 build/kernel/components/finsh/finsh_token.o
 .debug_loc     0x0000000000004f60      0x108 build/kernel/components/libc/minilibc/stdlib.o
 .debug_loc     0x0000000000005068      0x458 build/kernel/components/libc/minilibc/string.o
 .debug_loc     0x00000000000054c0       0xdc build/kernel/components/init/components.o

.debug_aranges  0x0000000000000000      0x618
 .debug_aranges
                0x0000000000000000       0x20 build/bsp/drivers/serial.o
 .debug_aranges
                0x0000000000000020       0x20 build/bsp/applications/application.o
 .debug_aranges
                0x0000000000000040       0x20 build/bsp/applications/board.o
 .debug_aranges
                0x0000000000000060       0x20 build/bsp/applications/startup.o
 .debug_aranges
                0x0000000000000080       0x20 build/kernel/src/clock.o
 .debug_aranges
                0x00000000000000a0       0x20 build/kernel/src/device.o
 .debug_aranges
                0x00000000000000c0       0x20 build/kernel/src/idle.o
 .debug_aranges
                0x00000000000000e0       0x20 build/kernel/src/ipc.o
 .debug_aranges
                0x0000000000000100       0x20 build/kernel/src/irq.o
 .debug_aranges
                0x0000000000000120       0x20 build/kernel/src/kservice.o
 .debug_aranges
                0x0000000000000140       0x20 build/kernel/src/mem.o
 .debug_aranges
                0x0000000000000160       0x20 build/kernel/src/object.o
 .debug_aranges
                0x0000000000000180       0x20 build/kernel/src/scheduler.o
 .debug_aranges
                0x00000000000001a0       0x20 build/kernel/src/thread.o
 .debug_aranges
                0x00000000000001c0       0x20 build/kernel/src/timer.o
 .debug_aranges
                0x00000000000001e0       0x20 build/kernel/libcpu/arm/am335x/cpu.o
 .debug_aranges
                0x0000000000000200       0x20 build/kernel/libcpu/arm/am335x/interrupt.o
 .debug_aranges
                0x0000000000000220       0x20 build/kernel/libcpu/arm/am335x/stack.o
 .debug_aranges
                0x0000000000000240       0x20 build/kernel/libcpu/arm/am335x/trap.o
 .debug_aranges
                0x0000000000000260       0x20 build/kernel/libcpu/arm/am335x/context_gcc.o
 .debug_aranges
                0x0000000000000280       0x20 build/kernel/libcpu/arm/am335x/cp15_gcc.o
 .debug_aranges
                0x00000000000002a0       0x20 build/kernel/libcpu/arm/am335x/start_gcc.o
 .debug_aranges
                0x00000000000002c0       0x20 build/kernel/libcpu/arm/am335x/vector_gcc.o
 .debug_aranges
                0x00000000000002e0       0x20 build/kernel/components/gdb/gdb_stub.o
 .debug_aranges
                0x0000000000000300       0x20 build/kernel/components/gdb/hal_stub.o
 .debug_aranges
                0x0000000000000320       0x20 build/kernel/components/gdb/libcpu/arm/arm_stub.o
 .debug_aranges
                0x0000000000000340       0x20 build/kernel/components/drivers/serial/serial.o
 .debug_aranges
                0x0000000000000360       0x20 build/kernel/components/drivers/src/dataqueue.o
 .debug_aranges
                0x0000000000000380       0x20 build/kernel/components/finsh/shell.o
 .debug_aranges
                0x00000000000003a0       0x18 build/kernel/components/finsh/symbol.o
 .debug_aranges
                0x00000000000003b8       0x20 build/kernel/components/finsh/cmd.o
 .debug_aranges
                0x00000000000003d8       0x20 build/kernel/components/finsh/msh_cmd.o
 .debug_aranges
                0x00000000000003f8       0x20 build/kernel/components/finsh/msh.o
 .debug_aranges
                0x0000000000000418       0x20 build/kernel/components/finsh/finsh_compiler.o
 .debug_aranges
                0x0000000000000438       0x20 build/kernel/components/finsh/finsh_error.o
 .debug_aranges
                0x0000000000000458       0x20 build/kernel/components/finsh/finsh_heap.o
 .debug_aranges
                0x0000000000000478       0x20 build/kernel/components/finsh/finsh_init.o
 .debug_aranges
                0x0000000000000498       0x20 build/kernel/components/finsh/finsh_node.o
 .debug_aranges
                0x00000000000004b8       0x20 build/kernel/components/finsh/finsh_ops.o
 .debug_aranges
                0x00000000000004d8       0x20 build/kernel/components/finsh/finsh_parser.o
 .debug_aranges
                0x00000000000004f8       0x20 build/kernel/components/finsh/finsh_var.o
 .debug_aranges
                0x0000000000000518       0x20 build/kernel/components/finsh/finsh_vm.o
 .debug_aranges
                0x0000000000000538       0x20 build/kernel/components/finsh/finsh_token.o
 .debug_aranges
                0x0000000000000558       0x20 build/kernel/components/libc/minilibc/stdlib.o
 .debug_aranges
                0x0000000000000578       0x20 build/kernel/components/libc/minilibc/string.o
 .debug_aranges
                0x0000000000000598       0x20 build/kernel/components/init/components.o
 .debug_aranges
                0x00000000000005b8       0x20 /usr/lib/gcc/arm-none-eabi/4.8.2/armv7-ar/thumb/softfp/libgcc.a(_udivsi3.o)
 .debug_aranges
                0x00000000000005d8       0x20 /usr/lib/gcc/arm-none-eabi/4.8.2/armv7-ar/thumb/softfp/libgcc.a(_divsi3.o)
 .debug_aranges
                0x00000000000005f8       0x20 /usr/lib/gcc/arm-none-eabi/4.8.2/armv7-ar/thumb/softfp/libgcc.a(_dvmd_tls.o)

.debug_line     0x0000000000000000     0x5326
 .debug_line    0x0000000000000000      0x246 build/bsp/drivers/serial.o
 .debug_line    0x0000000000000246       0xbd build/bsp/applications/application.o
 .debug_line    0x0000000000000303      0x111 build/bsp/applications/board.o
 .debug_line    0x0000000000000414       0x63 build/bsp/applications/startup.o
 .debug_line    0x0000000000000477       0x92 build/kernel/src/clock.o
 .debug_line    0x0000000000000509      0x19b build/kernel/src/device.o
 .debug_line    0x00000000000006a4       0xdd build/kernel/src/idle.o
 .debug_line    0x0000000000000781      0x783 build/kernel/src/ipc.o
 .debug_line    0x0000000000000f04       0x88 build/kernel/src/irq.o
 .debug_line    0x0000000000000f8c      0x41e build/kernel/src/kservice.o
 .debug_line    0x00000000000013aa      0x29a build/kernel/src/mem.o
 .debug_line    0x0000000000001644      0x176 build/kernel/src/object.o
 .debug_line    0x00000000000017ba      0x12a build/kernel/src/scheduler.o
 .debug_line    0x00000000000018e4      0x20b build/kernel/src/thread.o
 .debug_line    0x0000000000001aef      0x217 build/kernel/src/timer.o
 .debug_line    0x0000000000001d06       0xb0 build/kernel/libcpu/arm/am335x/cpu.o
 .debug_line    0x0000000000001db6      0x11d build/kernel/libcpu/arm/am335x/interrupt.o
 .debug_line    0x0000000000001ed3       0x9b build/kernel/libcpu/arm/am335x/stack.o
 .debug_line    0x0000000000001f6e      0x112 build/kernel/libcpu/arm/am335x/trap.o
 .debug_line    0x0000000000002080       0x8d build/kernel/libcpu/arm/am335x/context_gcc.o
 .debug_line    0x000000000000210d       0xaf build/kernel/libcpu/arm/am335x/cp15_gcc.o
 .debug_line    0x00000000000021bc       0xde build/kernel/libcpu/arm/am335x/start_gcc.o
 .debug_line    0x000000000000229a       0x6a build/kernel/libcpu/arm/am335x/vector_gcc.o
 .debug_line    0x0000000000002304      0x2d3 build/kernel/components/gdb/gdb_stub.o
 .debug_line    0x00000000000025d7      0x13b build/kernel/components/gdb/hal_stub.o
 .debug_line    0x0000000000002712      0x119 build/kernel/components/gdb/libcpu/arm/arm_stub.o
 .debug_line    0x000000000000282b      0x248 build/kernel/components/drivers/serial/serial.o
 .debug_line    0x0000000000002a73      0x222 build/kernel/components/drivers/src/dataqueue.o
 .debug_line    0x0000000000002c95      0x2b3 build/kernel/components/finsh/shell.o
 .debug_line    0x0000000000002f48       0xbf build/kernel/components/finsh/symbol.o
 .debug_line    0x0000000000003007      0x393 build/kernel/components/finsh/cmd.o
 .debug_line    0x000000000000339a       0x75 build/kernel/components/finsh/msh_cmd.o
 .debug_line    0x000000000000340f      0x1f2 build/kernel/components/finsh/msh.o
 .debug_line    0x0000000000003601      0x4ea build/kernel/components/finsh/finsh_compiler.o
 .debug_line    0x0000000000003aeb       0xd5 build/kernel/components/finsh/finsh_error.o
 .debug_line    0x0000000000003bc0      0x1c4 build/kernel/components/finsh/finsh_heap.o
 .debug_line    0x0000000000003d84      0x106 build/kernel/components/finsh/finsh_init.o
 .debug_line    0x0000000000003e8a      0x152 build/kernel/components/finsh/finsh_node.o
 .debug_line    0x0000000000003fdc      0x24f build/kernel/components/finsh/finsh_ops.o
 .debug_line    0x000000000000422b      0x3a7 build/kernel/components/finsh/finsh_parser.o
 .debug_line    0x00000000000045d2      0x16b build/kernel/components/finsh/finsh_var.o
 .debug_line    0x000000000000473d      0x134 build/kernel/components/finsh/finsh_vm.o
 .debug_line    0x0000000000004871      0x331 build/kernel/components/finsh/finsh_token.o
 .debug_line    0x0000000000004ba2      0x13d build/kernel/components/libc/minilibc/stdlib.o
 .debug_line    0x0000000000004cdf      0x3f2 build/kernel/components/libc/minilibc/string.o
 .debug_line    0x00000000000050d1       0xc0 build/kernel/components/init/components.o
 .debug_line    0x0000000000005191       0x8d /usr/lib/gcc/arm-none-eabi/4.8.2/armv7-ar/thumb/softfp/libgcc.a(_udivsi3.o)
 .debug_line    0x000000000000521e       0x9e /usr/lib/gcc/arm-none-eabi/4.8.2/armv7-ar/thumb/softfp/libgcc.a(_divsi3.o)
 .debug_line    0x00000000000052bc       0x6a /usr/lib/gcc/arm-none-eabi/4.8.2/armv7-ar/thumb/softfp/libgcc.a(_dvmd_tls.o)

.debug_str      0x0000000000000000     0x461f
 .debug_str     0x0000000000000000      0x62e build/bsp/drivers/serial.o
                                        0x6ff (size before relaxing)
 .debug_str     0x000000000000062e      0x107 build/bsp/applications/application.o
                                        0x2cf (size before relaxing)
 .debug_str     0x0000000000000735      0x10d build/bsp/applications/board.o
                                        0x26b (size before relaxing)
 .debug_str     0x0000000000000842       0x32 build/bsp/applications/startup.o
                                        0x135 (size before relaxing)
 .debug_str     0x0000000000000874       0x7f build/kernel/src/clock.o
                                        0x302 (size before relaxing)
 .debug_str     0x00000000000008f3      0x271 build/kernel/src/device.o
                                        0x685 (size before relaxing)
 .debug_str     0x0000000000000b64       0xdc build/kernel/src/idle.o
                                        0x383 (size before relaxing)
 .debug_str     0x0000000000000c40      0x45c build/kernel/src/ipc.o
                                        0x863 (size before relaxing)
 .debug_str     0x000000000000109c       0x6d build/kernel/src/irq.o
                                        0x186 (size before relaxing)
 .debug_str     0x0000000000001109      0x2a0 build/kernel/src/kservice.o
                                        0x7b3 (size before relaxing)
 .debug_str     0x00000000000013a9      0x198 build/kernel/src/mem.o
                                        0x3aa (size before relaxing)
 .debug_str     0x0000000000001541      0x179 build/kernel/src/object.o
                                        0x4ed (size before relaxing)
 .debug_str     0x00000000000016ba      0x180 build/kernel/src/scheduler.o
                                        0x4a9 (size before relaxing)
 .debug_str     0x000000000000183a      0x127 build/kernel/src/thread.o
                                        0x5fa (size before relaxing)
 .debug_str     0x0000000000001961      0x1bc build/kernel/src/timer.o
                                        0x551 (size before relaxing)
 .debug_str     0x0000000000001b1d       0xda build/kernel/libcpu/arm/am335x/cpu.o
                                        0x222 (size before relaxing)
 .debug_str     0x0000000000001bf7      0x1db build/kernel/libcpu/arm/am335x/interrupt.o
                                        0x349 (size before relaxing)
 .debug_str     0x0000000000001dd2       0x4d build/kernel/libcpu/arm/am335x/stack.o
                                        0x177 (size before relaxing)
 .debug_str     0x0000000000001e1f       0xc4 build/kernel/libcpu/arm/am335x/trap.o
                                        0x397 (size before relaxing)
 .debug_str     0x0000000000001ee3      0x466 build/kernel/components/gdb/gdb_stub.o
                                        0x5d2 (size before relaxing)
 .debug_str     0x0000000000002349       0x86 build/kernel/components/gdb/hal_stub.o
                                        0x5ef (size before relaxing)
 .debug_str     0x00000000000023cf      0x132 build/kernel/components/gdb/libcpu/arm/arm_stub.o
                                        0x380 (size before relaxing)
 .debug_str     0x0000000000002501      0x1a4 build/kernel/components/drivers/serial/serial.o
                                        0x70d (size before relaxing)
 .debug_str     0x00000000000026a5       0x9e build/kernel/components/drivers/src/dataqueue.o
                                        0x431 (size before relaxing)
 .debug_str     0x0000000000002743      0x355 build/kernel/components/finsh/shell.o
                                        0x908 (size before relaxing)
 .debug_str     0x0000000000002a98       0x2f build/kernel/components/finsh/symbol.o
                                        0x1c9 (size before relaxing)
 .debug_str     0x0000000000002ac7      0x8b6 build/kernel/components/finsh/cmd.o
                                       0x11b2 (size before relaxing)
 .debug_str     0x000000000000337d       0xf4 build/kernel/components/finsh/msh_cmd.o
                                        0x24a (size before relaxing)
 .debug_str     0x0000000000003471      0x187 build/kernel/components/finsh/msh.o
                                        0x35e (size before relaxing)
 .debug_str     0x00000000000035f8       0xda build/kernel/components/finsh/finsh_compiler.o
                                        0x3bd (size before relaxing)
 .debug_str     0x00000000000036d2       0x9a build/kernel/components/finsh/finsh_error.o
                                        0x1af (size before relaxing)
 .debug_str     0x000000000000376c      0x119 build/kernel/components/finsh/finsh_heap.o
                                        0x3cc (size before relaxing)
 .debug_str     0x0000000000003885       0x69 build/kernel/components/finsh/finsh_init.o
                                        0x2b2 (size before relaxing)
 .debug_str     0x00000000000038ee       0xe6 build/kernel/components/finsh/finsh_node.o
                                        0x2b6 (size before relaxing)
 .debug_str     0x00000000000039d4      0x2cd build/kernel/components/finsh/finsh_ops.o
                                        0x42f (size before relaxing)
 .debug_str     0x0000000000003ca1      0x50c build/kernel/components/finsh/finsh_parser.o
                                        0x85b (size before relaxing)
 .debug_str     0x00000000000041ad       0xa5 build/kernel/components/finsh/finsh_var.o
                                        0x38c (size before relaxing)
 .debug_str     0x0000000000004252       0x68 build/kernel/components/finsh/finsh_vm.o
                                        0x276 (size before relaxing)
 .debug_str     0x00000000000042ba      0x133 build/kernel/components/finsh/finsh_token.o
                                        0x5fd (size before relaxing)
 .debug_str     0x00000000000043ed       0x49 build/kernel/components/libc/minilibc/stdlib.o
                                        0x18d (size before relaxing)
 .debug_str     0x0000000000004436      0x146 build/kernel/components/libc/minilibc/string.o
                                        0x30e (size before relaxing)
 .debug_str     0x000000000000457c       0xa3 build/kernel/components/init/components.o
                                        0x1cb (size before relaxing)

.debug_frame    0x0000000000000000     0x37f0
 .debug_frame   0x0000000000000000      0x134 build/bsp/drivers/serial.o
 .debug_frame   0x0000000000000134       0x48 build/bsp/applications/application.o
 .debug_frame   0x000000000000017c       0x98 build/bsp/applications/board.o
 .debug_frame   0x0000000000000214       0x48 build/bsp/applications/startup.o
 .debug_frame   0x000000000000025c       0x90 build/kernel/src/clock.o
 .debug_frame   0x00000000000002ec      0x164 build/kernel/src/device.o
 .debug_frame   0x0000000000000450       0xac build/kernel/src/idle.o
 .debug_frame   0x00000000000004fc      0x524 build/kernel/src/ipc.o
 .debug_frame   0x0000000000000a20       0x60 build/kernel/src/irq.o
 .debug_frame   0x0000000000000a80      0x330 build/kernel/src/kservice.o
 .debug_frame   0x0000000000000db0      0x11c build/kernel/src/mem.o
 .debug_frame   0x0000000000000ecc      0x1a0 build/kernel/src/object.o
 .debug_frame   0x000000000000106c      0x180 build/kernel/src/scheduler.o
 .debug_frame   0x00000000000011ec      0x244 build/kernel/src/thread.o
 .debug_frame   0x0000000000001430      0x258 build/kernel/src/timer.o
 .debug_frame   0x0000000000001688      0x11c build/kernel/libcpu/arm/am335x/cpu.o
 .debug_frame   0x00000000000017a4      0x144 build/kernel/libcpu/arm/am335x/interrupt.o
 .debug_frame   0x00000000000018e8       0x28 build/kernel/libcpu/arm/am335x/stack.o
 .debug_frame   0x0000000000001910       0xd4 build/kernel/libcpu/arm/am335x/trap.o
 .debug_frame   0x00000000000019e4      0x334 build/kernel/components/gdb/gdb_stub.o
 .debug_frame   0x0000000000001d18       0x80 build/kernel/components/gdb/hal_stub.o
 .debug_frame   0x0000000000001d98       0x88 build/kernel/components/gdb/libcpu/arm/arm_stub.o
 .debug_frame   0x0000000000001e20      0x198 build/kernel/components/drivers/serial/serial.o
 .debug_frame   0x0000000000001fb8       0xe8 build/kernel/components/drivers/src/dataqueue.o
 .debug_frame   0x00000000000020a0      0x198 build/kernel/components/finsh/shell.o
 .debug_frame   0x0000000000002238      0x310 build/kernel/components/finsh/cmd.o
 .debug_frame   0x0000000000002548       0x60 build/kernel/components/finsh/msh_cmd.o
 .debug_frame   0x00000000000025a8      0x114 build/kernel/components/finsh/msh.o
 .debug_frame   0x00000000000026bc       0x64 build/kernel/components/finsh/finsh_compiler.o
 .debug_frame   0x0000000000002720       0x70 build/kernel/components/finsh/finsh_error.o
 .debug_frame   0x0000000000002790       0xe0 build/kernel/components/finsh/finsh_heap.o
 .debug_frame   0x0000000000002870       0x7c build/kernel/components/finsh/finsh_init.o
 .debug_frame   0x00000000000028ec       0xf0 build/kernel/components/finsh/finsh_node.o
 .debug_frame   0x00000000000029dc      0x4d4 build/kernel/components/finsh/finsh_ops.o
 .debug_frame   0x0000000000002eb0      0x240 build/kernel/components/finsh/finsh_parser.o
 .debug_frame   0x00000000000030f0       0xbc build/kernel/components/finsh/finsh_var.o
 .debug_frame   0x00000000000031ac       0x68 build/kernel/components/finsh/finsh_vm.o
 .debug_frame   0x0000000000003214      0x194 build/kernel/components/finsh/finsh_token.o
 .debug_frame   0x00000000000033a8       0xb0 build/kernel/components/libc/minilibc/stdlib.o
 .debug_frame   0x0000000000003458      0x2c8 build/kernel/components/libc/minilibc/string.o
 .debug_frame   0x0000000000003720       0x90 build/kernel/components/init/components.o
 .debug_frame   0x00000000000037b0       0x20 /usr/lib/gcc/arm-none-eabi/4.8.2/armv7-ar/thumb/softfp/libgcc.a(_udivsi3.o)
 .debug_frame   0x00000000000037d0       0x20 /usr/lib/gcc/arm-none-eabi/4.8.2/armv7-ar/thumb/softfp/libgcc.a(_divsi3.o)

.debug_ranges   0x0000000000000000       0x60
 .debug_ranges  0x0000000000000000       0x60 build/kernel/components/finsh/finsh_compiler.o

Cross Reference Table
