Archive member included because of file (symbol)

/usr/lib/gcc/arm-none-eabi/4.8.2/armv7-ar/thumb/softfp/libgcc.a(_udivsi3.o)
                              build/kernel/src/ipc.o (__aeabi_uidiv)
/usr/lib/gcc/arm-none-eabi/4.8.2/armv7-ar/thumb/softfp/libgcc.a(_divsi3.o)
                              build/kernel/components/finsh/finsh_ops.o (__aeabi_idiv)
/usr/lib/gcc/arm-none-eabi/4.8.2/armv7-ar/thumb/softfp/libgcc.a(_dvmd_tls.o)
                              /usr/lib/gcc/arm-none-eabi/4.8.2/armv7-ar/thumb/softfp/libgcc.a(_udivsi3.o) (__aeabi_idiv0)
/usr/lib/gcc/arm-none-eabi/4.8.2/../../../arm-none-eabi/lib/armv7-ar/thumb/softfp/libc.a(lib_a-atexit.o)
                              /usr/lib/gcc/arm-none-eabi/4.8.2/../../../arm-none-eabi/lib/armv7-ar/thumb/softfp/crt0.o (atexit)
/usr/lib/gcc/arm-none-eabi/4.8.2/../../../arm-none-eabi/lib/armv7-ar/thumb/softfp/libc.a(lib_a-exit.o)
                              /usr/lib/gcc/arm-none-eabi/4.8.2/../../../arm-none-eabi/lib/armv7-ar/thumb/softfp/crt0.o (exit)
/usr/lib/gcc/arm-none-eabi/4.8.2/../../../arm-none-eabi/lib/armv7-ar/thumb/softfp/libc.a(lib_a-fini.o)
                              /usr/lib/gcc/arm-none-eabi/4.8.2/../../../arm-none-eabi/lib/armv7-ar/thumb/softfp/crt0.o (__libc_fini_array)
/usr/lib/gcc/arm-none-eabi/4.8.2/../../../arm-none-eabi/lib/armv7-ar/thumb/softfp/libc.a(lib_a-impure.o)
                              /usr/lib/gcc/arm-none-eabi/4.8.2/../../../arm-none-eabi/lib/armv7-ar/thumb/softfp/libc.a(lib_a-exit.o) (_global_impure_ptr)
/usr/lib/gcc/arm-none-eabi/4.8.2/../../../arm-none-eabi/lib/armv7-ar/thumb/softfp/libc.a(lib_a-init.o)
                              /usr/lib/gcc/arm-none-eabi/4.8.2/../../../arm-none-eabi/lib/armv7-ar/thumb/softfp/crt0.o (__libc_init_array)
/usr/lib/gcc/arm-none-eabi/4.8.2/../../../arm-none-eabi/lib/armv7-ar/thumb/softfp/libc.a(lib_a-__atexit.o)
                              /usr/lib/gcc/arm-none-eabi/4.8.2/../../../arm-none-eabi/lib/armv7-ar/thumb/softfp/libc.a(lib_a-atexit.o) (__register_exitproc)
/usr/lib/gcc/arm-none-eabi/4.8.2/../../../arm-none-eabi/lib/armv7-ar/thumb/softfp/libc.a(lib_a-__call_atexit.o)
                              /usr/lib/gcc/arm-none-eabi/4.8.2/../../../arm-none-eabi/lib/armv7-ar/thumb/softfp/libc.a(lib_a-exit.o) (__call_exitprocs)

Allocating common symbols
Common symbol       size              file

rt_interrupt_to_thread
                    0x4               build/kernel/libcpu/arm/am335x/interrupt.o
rt_interrupt_from_thread
                    0x4               build/kernel/libcpu/arm/am335x/interrupt.o
serial5             0x78              build/bsp/drivers/serial.o
global_sysvar_list  0x4               build/kernel/components/finsh/finsh_var.o
finsh_heap          0x80              build/kernel/components/finsh/finsh_heap.o
shell               0x4               build/kernel/components/finsh/shell.o
uart4_int_rx        0x44              build/bsp/drivers/serial.o
serial0             0x78              build/bsp/drivers/serial.o
rt_thread_switch_interrupt_flag
                    0x4               build/kernel/libcpu/arm/am335x/interrupt.o
gs                  0x20              build/kernel/components/gdb/gdb_stub.o
text_segment        0x80              build/kernel/components/finsh/finsh_vm.o
finsh_compile_pc    0x4               build/kernel/components/finsh/finsh_compiler.o
uart0_int_rx        0x44              build/bsp/drivers/serial.o
finsh_vm_stack      0x100             build/kernel/components/finsh/finsh_vm.o
global_errno        0x1               build/kernel/components/finsh/finsh_error.o
rt_thread_priority_table
                    0x100             build/kernel/src/scheduler.o
serial1             0x78              build/bsp/drivers/serial.o
rt_object_put_hook  0x4               build/kernel/src/object.o
_timevalue          0x8               build/kernel/components/pthreads/clock_time.o
rt_current_priority
                    0x1               build/kernel/src/scheduler.o
remcom_in_buffer    0x15a             build/kernel/components/gdb/gdb_stub.o
serial4             0x78              build/bsp/drivers/serial.o
uart2_int_rx        0x44              build/bsp/drivers/serial.o
isr_table           0xa00             build/kernel/libcpu/arm/am335x/interrupt.o
rt_interrupt_nest   0x1               build/kernel/src/irq.o
uart5_int_rx        0x44              build/bsp/drivers/serial.o
rt_object_take_hook
                    0x4               build/kernel/src/object.o
rt_current_thread   0x4               build/kernel/src/scheduler.o
rt_thread_ready_priority_group
                    0x4               build/kernel/src/scheduler.o
rt_thread_defunct   0x8               build/kernel/src/scheduler.o
global_node_table   0x140             build/kernel/components/finsh/finsh_node.o
finsh_compile_sp    0x4               build/kernel/components/finsh/finsh_compiler.o
remcom_out_buffer   0x15a             build/kernel/components/gdb/gdb_stub.o
[...]
Memory Configuration

Name             Origin             Length             Attributes
*default*        0x0000000000000000 0xffffffffffffffff

Linker script and memory map

LOAD /usr/lib/gcc/arm-none-eabi/4.8.2/armv7-ar/thumb/softfp/crti.o
LOAD /usr/lib/gcc/arm-none-eabi/4.8.2/armv7-ar/thumb/softfp/crtbegin.o
LOAD /usr/lib/gcc/arm-none-eabi/4.8.2/../../../arm-none-eabi/lib/armv7-ar/thumb/softfp/crt0.o
LOAD build/bsp/drivers/serial.o
LOAD build/bsp/applications/application.o
LOAD build/bsp/applications/board.o
LOAD build/bsp/applications/startup.o
LOAD build/kernel/src/clock.o
LOAD build/kernel/src/device.o
LOAD build/kernel/src/idle.o
LOAD build/kernel/src/ipc.o
LOAD build/kernel/src/irq.o
LOAD build/kernel/src/kservice.o
LOAD build/kernel/src/mem.o
LOAD build/kernel/src/mempool.o
LOAD build/kernel/src/object.o
LOAD build/kernel/src/scheduler.o
LOAD build/kernel/src/thread.o
LOAD build/kernel/src/timer.o
LOAD build/kernel/libcpu/arm/am335x/cpu.o
LOAD build/kernel/libcpu/arm/am335x/interrupt.o
LOAD build/kernel/libcpu/arm/am335x/mmu.o
LOAD build/kernel/libcpu/arm/am335x/stack.o
LOAD build/kernel/libcpu/arm/am335x/trap.o
LOAD build/kernel/libcpu/arm/am335x/context_gcc.o
LOAD build/kernel/libcpu/arm/am335x/cp15_gcc.o
LOAD build/kernel/libcpu/arm/am335x/start_gcc.o
LOAD build/kernel/libcpu/arm/am335x/vector_gcc.o
LOAD build/kernel/libcpu/arm/common/backtrace.o
LOAD build/kernel/libcpu/arm/common/div0.o
LOAD build/kernel/libcpu/arm/common/showmem.o
LOAD build/kernel/components/gdb/gdb_stub.o
LOAD build/kernel/components/gdb/hal_stub.o
LOAD build/kernel/components/gdb/libcpu/arm/arm_stub.o
LOAD build/kernel/components/pthreads/clock_time.o
LOAD build/kernel/components/pthreads/mqueue.o
LOAD build/kernel/components/pthreads/pthread.o
LOAD build/kernel/components/pthreads/pthread_attr.o
LOAD build/kernel/components/pthreads/pthread_barrier.o
LOAD build/kernel/components/pthreads/pthread_cond.o
LOAD build/kernel/components/pthreads/pthread_mutex.o
LOAD build/kernel/components/pthreads/pthread_rwlock.o
LOAD build/kernel/components/pthreads/pthread_spin.o
LOAD build/kernel/components/pthreads/pthread_tls.o
LOAD build/kernel/components/pthreads/sched.o
LOAD build/kernel/components/pthreads/semaphore.o
LOAD build/kernel/components/drivers/serial/serial.o
LOAD build/kernel/components/drivers/src/completion.o
LOAD build/kernel/components/drivers/src/dataqueue.o
LOAD build/kernel/components/drivers/src/pipe.o
LOAD build/kernel/components/drivers/src/portal.o
LOAD build/kernel/components/drivers/src/ringbuffer.o
LOAD build/kernel/components/finsh/shell.o
LOAD build/kernel/components/finsh/symbol.o
LOAD build/kernel/components/finsh/cmd.o
LOAD build/kernel/components/finsh/msh_cmd.o
LOAD build/kernel/components/finsh/msh.o
LOAD build/kernel/components/finsh/finsh_compiler.o
LOAD build/kernel/components/finsh/finsh_error.o
LOAD build/kernel/components/finsh/finsh_heap.o
LOAD build/kernel/components/finsh/finsh_init.o
LOAD build/kernel/components/finsh/finsh_node.o
LOAD build/kernel/components/finsh/finsh_ops.o
LOAD build/kernel/components/finsh/finsh_parser.o
LOAD build/kernel/components/finsh/finsh_var.o
LOAD build/kernel/components/finsh/finsh_vm.o
LOAD build/kernel/components/finsh/finsh_token.o
LOAD build/kernel/components/libc/minilibc/ctype.o
LOAD build/kernel/components/libc/minilibc/math.o
LOAD build/kernel/components/libc/minilibc/qsort.o
LOAD build/kernel/components/libc/minilibc/rand.o
LOAD build/kernel/components/libc/minilibc/stdlib.o
LOAD build/kernel/components/libc/minilibc/string.o
LOAD build/kernel/components/libc/minilibc/time.o
LOAD build/kernel/components/init/components.o
START GROUP
LOAD /usr/lib/gcc/arm-none-eabi/4.8.2/armv7-ar/thumb/softfp/libgcc.a
LOAD /usr/lib/gcc/arm-none-eabi/4.8.2/../../../arm-none-eabi/lib/armv7-ar/thumb/softfp/libc.a
END GROUP
LOAD /usr/lib/gcc/arm-none-eabi/4.8.2/armv7-ar/thumb/softfp/crtend.o
LOAD /usr/lib/gcc/arm-none-eabi/4.8.2/armv7-ar/thumb/softfp/crtn.o
                0x0000000080200000                . = 0x80200000
                0x0000000080200000                __text_start = .

.text           0x0000000080200000    0x1f5c0
 *(.vectors)
 .vectors       0x0000000080200000       0x40 build/kernel/libcpu/arm/am335x/vector_gcc.o
                0x0000000080200000                system_vectors
 *(.text)
 .text          0x0000000080200040      0xf50 build/bsp/drivers/serial.o
                0x0000000080200454                printkc
                0x00000000802009c8                rt_hw_serial_init
 .text          0x0000000080200f90      0x13c build/bsp/applications/application.o
                0x0000000080200f90                rt_stub_one
                0x0000000080200fb0                rt_stub_two
                0x0000000080200fd0                rt_stub_three
                0x0000000080200fe8                rt_stub_four
                0x0000000080201000                rt_init_thread_entry
                0x0000000080201068                rt_application_init
 .text          0x00000000802010cc      0x338 build/bsp/applications/board.o
                0x0000000080201240                rt_hw_timer_init
                0x000000008020137c                rt_hw_board_init
                0x0000000080201398                rt_hw_cpu_reset
 .text          0x0000000080201404       0x64 build/bsp/applications/startup.o
                0x0000000080201404                rtthread_startup
                0x000000008020144c                main
 .text          0x0000000080201468      0x128 build/kernel/src/clock.o
                0x0000000080201468                rt_system_tick_init
                0x000000008020147c                rt_tick_get
                0x00000000802014a0                rt_tick_set
                0x00000000802014d8                rt_tick_increase
                0x000000008020154c                rt_tick_from_millisecond
 .text          0x0000000080201590      0x9a4 build/kernel/src/device.o
                0x0000000080201590                rt_device_register
                0x0000000080201618                rt_device_unregister
                0x000000008020168c                rt_device_init_all
                0x0000000080201768                rt_device_find
                0x0000000080201834                rt_device_init
                0x000000008020191c                rt_device_open
                0x0000000080201afc                rt_device_close
                0x0000000080201bfc                rt_device_read
                0x0000000080201ccc                rt_device_write
                0x0000000080201d9c                rt_device_control
                0x0000000080201e44                rt_device_set_rx_indicate
                0x0000000080201ebc                rt_device_set_tx_complete
 .text          0x0000000080201f34      0x2b8 build/kernel/src/idle.o
                0x0000000080201fd0                rt_thread_idle_sethook
                0x0000000080201ffc                rt_thread_idle_excute
                0x0000000080202188                rt_thread_idle_init
 .text          0x00000000802021ec     0x3954 build/kernel/src/ipc.o
                0x0000000080202494                rt_sem_init
                0x0000000080202544                rt_sem_detach
                0x00000000802025c8                rt_sem_create
                0x00000000802026b0                rt_sem_delete
                0x00000000802027a4                rt_sem_take
                0x0000000080202a34                rt_sem_trytake
                0x0000000080202a60                rt_sem_release
                0x0000000080202b18                rt_sem_control
                0x0000000080202be4                rt_mutex_init
                0x0000000080202cb4                rt_mutex_detach
                0x0000000080202d38                rt_mutex_create
                0x0000000080202e3c                rt_mutex_delete
                0x0000000080202f30                rt_mutex_take
                0x0000000080203274                rt_mutex_release
                0x0000000080203510                rt_mutex_control
                0x0000000080203540                rt_event_init
                0x00000000802035ec                rt_event_detach
                0x0000000080203670                rt_event_create
                0x0000000080203750                rt_event_delete
                0x0000000080203844                rt_event_send
                0x0000000080203a70                rt_event_recv
                0x0000000080203e2c                rt_event_control
                0x0000000080203eec                rt_mb_init
                0x0000000080203fdc                rt_mb_detach
                0x0000000080204070                rt_mb_create
                0x00000000802041d0                rt_mb_delete
                0x00000000802042e4                rt_mb_send_wait
                0x00000000802046a0                rt_mb_send
                0x00000000802046d4                rt_mb_recv
                0x0000000080204ae8                rt_mb_control
                0x0000000080204bd0                rt_mq_init
                0x0000000080204d50                rt_mq_detach
                0x0000000080204dd4                rt_mq_create
                0x0000000080204fb4                rt_mq_delete
                0x00000000802050b8                rt_mq_send
                0x0000000080205338                rt_mq_urgent
                0x000000008020559c                rt_mq_recv
                0x0000000080205a14                rt_mq_control
 .text          0x0000000080205b40       0xb8 build/kernel/src/irq.o
                0x0000000080205b40                rt_interrupt_enter
                0x0000000080205b88                rt_interrupt_leave
                0x0000000080205bd0                rt_interrupt_get_nest
 .text          0x0000000080205bf8     0x1bdc build/kernel/src/kservice.o
                0x0000000080205bf8                rt_get_errno
                0x0000000080205c5c                rt_set_errno
                0x0000000080205ccc                _rt_errno
                0x0000000080205d28                memset
                0x0000000080205d28                rt_memset
                0x0000000080205e8c                memcpy
                0x0000000080205e8c                rt_memcpy
                0x0000000080206028                memmove
                0x0000000080206028                rt_memmove
                0x0000000080206128                memcmp
                0x0000000080206128                rt_memcmp
                0x00000000802061cc                strstr
                0x00000000802061cc                rt_strstr
                0x0000000080206278                strcasecmp
                0x0000000080206278                rt_strcasecmp
                0x0000000080206334                rt_strncpy
                0x00000000802063f4                rt_strncmp
                0x0000000080206484                rt_strcmp
                0x0000000080206504                rt_strlen
                0x0000000080206504                strlen
                0x0000000080206558                strdup
                0x0000000080206558                rt_strdup
                0x00000000802065bc                rt_show_version
                0x0000000080206a9c                rt_vsnprintf
                0x0000000080207364                snprintf
                0x0000000080207364                rt_snprintf
                0x00000000802073b4                vsprintf
                0x00000000802073b4                rt_vsprintf
                0x00000000802073f0                rt_sprintf
                0x00000000802073f0                sprintf
                0x0000000080207438                rt_console_get_device
                0x000000008020745c                rt_console_set_device
                0x00000000802074f4                rt_hw_console_output
                0x0000000080207510                rt_kprintf
                0x0000000080207604                rt_malloc_align
                0x00000000802076cc                rt_free_align
                0x00000000802076fc                ffs
 .text          0x00000000802077d4     0x1228 build/kernel/src/mem.o
                0x00000000802077d4                rt_malloc_sethook
                0x0000000080207800                rt_free_sethook
                0x0000000080207a98                rt_system_heap_init
                0x0000000080207cbc                rt_malloc
                0x0000000080208268                rt_realloc
                0x000000008020854c                rt_calloc
                0x0000000080208620                rt_free
                0x0000000080208918                rt_memory_info
                0x000000008020899c                list_mem
 .text          0x00000000802089fc      0x74c build/kernel/src/object.o
                0x0000000080208ab4                rt_object_attach_sethook
                0x0000000080208ae0                rt_object_detach_sethook
                0x0000000080208b0c                rt_object_trytake_sethook
                0x0000000080208b38                rt_object_take_sethook
                0x0000000080208b64                rt_object_put_sethook
                0x0000000080208b90                rt_system_object_init
                0x0000000080208ba4                rt_object_get_information
                0x0000000080208bdc                rt_object_init
                0x0000000080208c98                rt_object_detach
                0x0000000080208d40                rt_object_allocate
                0x0000000080208e98                rt_object_delete
                0x0000000080208f9c                rt_object_is_systemobject
                0x0000000080209024                rt_object_find
 .text          0x0000000080209148      0x60c build/kernel/src/scheduler.o
                0x0000000080209274                rt_scheduler_sethook
                0x00000000802092a0                rt_system_scheduler_init
                0x0000000080209324                rt_system_scheduler_start
                0x0000000080209388                rt_schedule
                0x00000000802094d4                rt_schedule_insert_thread
                0x00000000802095a0                rt_schedule_remove_thread
                0x0000000080209674                rt_enter_critical
                0x00000000802096b4                rt_exit_critical
                0x000000008020972c                rt_critical_level
 .text          0x0000000080209754      0xe0c build/kernel/src/thread.o
                0x0000000080209af8                rt_thread_init
                0x0000000080209bf8                rt_thread_self
                0x0000000080209c1c                rt_thread_startup
                0x0000000080209d24                rt_thread_detach
                0x0000000080209df0                rt_thread_create
                0x0000000080209e9c                rt_thread_delete
                0x0000000080209f50                rt_thread_yield
                0x000000008020a004                rt_thread_sleep
                0x000000008020a0e0                rt_thread_delay
                0x000000008020a108                rt_thread_control
                0x000000008020a24c                rt_thread_suspend
                0x000000008020a300                rt_thread_resume
                0x000000008020a3b8                rt_thread_timeout
                0x000000008020a494                rt_thread_find
 .text          0x000000008020a560      0xcd8 build/kernel/src/timer.o
                0x000000008020a68c                rt_timer_timeout_sethook
                0x000000008020a898                rt_timer_dump
                0x000000008020a910                rt_timer_init
                0x000000008020a9a8                rt_timer_detach
                0x000000008020aa30                rt_timer_create
                0x000000008020aa9c                rt_timer_delete
                0x000000008020ab24                rt_timer_start
                0x000000008020aeac                rt_timer_stop
                0x000000008020af8c                rt_timer_control
                0x000000008020b080                rt_timer_check
                0x000000008020b1b0                rt_timer_next_timeout_tick
                0x000000008020b1d0                rt_system_timer_init
                0x000000008020b224                rt_system_timer_thread_init
 .text          0x000000008020b238      0x180 build/kernel/libcpu/arm/am335x/cpu.o
                0x000000008020b2b8                rt_hw_cpu_icache_enable
                0x000000008020b2cc                rt_hw_cpu_icache_disable
                0x000000008020b2e0                rt_hw_cpu_icache_status
                0x000000008020b2fc                rt_hw_cpu_dcache_enable
                0x000000008020b310                rt_hw_cpu_dcache_disable
                0x000000008020b324                rt_hw_cpu_dcache_status
                0x000000008020b340                rt_hw_cpu_shutdown
 .text          0x000000008020b3b8      0x5b8 build/kernel/libcpu/arm/am335x/interrupt.o
                0x000000008020b3b8                rt_dump_aintc
                0x000000008020b4f0                rt_hw_interrupt_init
                0x000000008020b554                rt_hw_interrupt_mask
                0x000000008020b59c                rt_hw_interrupt_umask
                0x000000008020b5e4                rt_hw_interrupt_control
                0x000000008020b654                rt_hw_interrupt_get_active
                0x000000008020b6b0                rt_hw_interrupt_ack
                0x000000008020b714                rt_hw_interrupt_install
                0x000000008020b814                rt_hw_interrupt_trigger
                0x000000008020b85c                rt_hw_interrupt_clear
                0x000000008020b8a4                rt_dump_isr_table
 .text          0x000000008020b970      0x1d8 build/kernel/libcpu/arm/am335x/stack.o
                0x000000008020b970                rt_hw_stack_init
 .text          0x000000008020bb48      0x38c build/kernel/libcpu/arm/am335x/trap.o
                0x000000008020bb48                rt_hw_show_register
                0x000000008020bc50                rt_hw_trap_udef
                0x000000008020bc8c                rt_hw_trap_swi
                0x000000008020bcbc                rt_hw_trap_pabt
                0x000000008020bd10                rt_hw_trap_dabt
                0x000000008020bd64                rt_hw_trap_irq
                0x000000008020be3c                rt_hw_trap_fiq
 .text          0x000000008020bed4       0x90 build/kernel/libcpu/arm/am335x/context_gcc.o
                0x000000008020bed4                rt_hw_interrupt_disable
                0x000000008020bee0                rt_hw_interrupt_enable
                0x000000008020bee8                rt_hw_context_switch
                0x000000008020bf14                rt_hw_context_switch_to
                0x000000008020bf2c                rt_hw_context_switch_interrupt
 .text          0x000000008020bf64      0x13c build/kernel/libcpu/arm/am335x/cp15_gcc.o
                0x000000008020bf64                rt_cpu_vector_set_base
                0x000000008020bf70                rt_cpu_vector_get_base
                0x000000008020bf78                rt_cpu_get_sctlr
                0x000000008020bf80                rt_cpu_dcache_enable
                0x000000008020bf90                rt_cpu_icache_enable
                0x000000008020bfa8                rt_cpu_dcache_clean_flush
                0x000000008020c03c                rt_cpu_dcache_disable
                0x000000008020c058                rt_cpu_icache_disable
                0x000000008020c068                rt_cpu_mmu_disable
                0x000000008020c080                rt_cpu_mmu_enable
                0x000000008020c094                rt_cpu_tlb_set
 .text          0x000000008020c0a0     0x1260 build/kernel/libcpu/arm/am335x/start_gcc.o
                0x000000008020c0a0                stack_start
                0x000000008020d0a0                stack_top
                0x000000008020d0a0                _reset
                0x000000008020d160                vector_undef
                0x000000008020d1a0                vector_swi
                0x000000008020d1c0                vector_pabt
                0x000000008020d1e0                vector_dabt
                0x000000008020d220                vector_resv
                0x000000008020d240                vector_fiq
                0x000000008020d250                vector_irq
 .text          0x000000008020d300     0x1a98 build/kernel/components/gdb/gdb_stub.o
                0x000000008020d3c8                gdb_ebin2mem
                0x000000008020d464                gdb_hex2mem
                0x000000008020d544                gdb_mem2hex
                0x000000008020d600                gdb_hex2long
                0x000000008020ec14                gdb_process_exception
                0x000000008020ec70                gdb_handle_exception
 .text          0x000000008020ed98      0x180 build/kernel/components/gdb/hal_stub.o
                0x000000008020ed98                gdb_start
                0x000000008020edcc                gdb_set_device
                0x000000008020ee58                gdb_uart_putc
                0x000000008020eeac                gdb_uart_getc
 .text          0x000000008020ef18      0x578 build/kernel/components/gdb/libcpu/arm/arm_stub.o
                0x000000008020ef18                gdb_breakpoint
                0x000000008020ef40                gdb_set_register
                0x000000008020ef6c                gdb_get_register
                0x000000008020f19c                gdb_put_register
                0x000000008020f350                gdb_arch_handle_exception
 .text          0x000000008020f490      0xd80 build/kernel/components/drivers/serial/serial.o
                0x000000008020ff34                rt_hw_serial_register
                0x0000000080210058                rt_hw_serial_isr
                0x0000000080210150                rt_hw_serial_dma_tx_isr
 .text          0x0000000080210210      0xab0 build/kernel/components/drivers/src/dataqueue.o
                0x00000000802102dc                rt_data_queue_init
                0x00000000802103ec                rt_data_queue_push
                0x00000000802106e4                rt_data_queue_pop
                0x0000000080210ac0                rt_data_queue_peak
                0x0000000080210be4                rt_data_queue_reset
 .text          0x0000000080210cc0     0x157c build/kernel/components/finsh/shell.o
                0x0000000080210cc0                finsh_get_prompt
                0x0000000080210df0                finsh_set_device
                0x0000000080210f24                finsh_get_device
                0x0000000080210f9c                finsh_set_echo
                0x000000008021102c                finsh_get_echo
                0x0000000080211110                finsh_run_line
                0x0000000080211470                finsh_thread_entry
                0x0000000080212098                finsh_system_function_init
                0x00000000802120d8                finsh_system_var_init
                0x0000000080212118                finsh_system_init
 .text          0x000000008021223c     0x13d0 build/kernel/components/finsh/cmd.o
                0x00000000802122dc                hello
                0x00000000802122fc                version
                0x00000000802124c4                list_thread
                0x0000000080212694                list_sem
                0x00000000802127b8                list_event
                0x000000008021289c                list_mutex
                0x0000000080212a08                list_mailbox
                0x0000000080212b54                list_msgqueue
                0x0000000080212c94                list_mempool
                0x0000000080212d94                list_timer
                0x0000000080212e98                list_device
                0x0000000080212eb8                list
                0x0000000080213168                list_prefix
 .text          0x000000008021360c       0x78 build/kernel/components/finsh/msh_cmd.o
                0x000000008021360c                cmd_ps
                0x0000000080213634                cmd_time
                0x000000008021365c                cmd_free
 .text          0x0000000080213684      0x90c build/kernel/components/finsh/msh.o
                0x0000000080213684                msh_is_used
                0x000000008021370c                msh_help
                0x0000000080213cb0                msh_exec
                0x0000000080213e2c                msh_auto_complete
 .text          0x0000000080213f90     0x3b6c build/kernel/components/finsh/finsh_compiler.o
                0x0000000080217a04                finsh_compiler_run
 .text          0x0000000080217afc       0xbc build/kernel/components/finsh/finsh_error.o
                0x0000000080217afc                finsh_error_init
                0x0000000080217b28                finsh_error_set
                0x0000000080217b60                finsh_errno
                0x0000000080217b84                finsh_error_string
 .text          0x0000000080217bb8      0x6cc build/kernel/components/finsh/finsh_heap.o
                0x0000000080217bb8                finsh_heap_init
                0x0000000080217c2c                finsh_heap_allocate
                0x0000000080217d5c                finsh_heap_free
 .text          0x0000000080218284       0xbc build/kernel/components/finsh/finsh_init.o
                0x0000000080218284                finsh_init
                0x00000000802182bc                finsh_stack_bottom
                0x00000000802182e0                finsh_flush
                0x0000000080218310                finsh_reset
 .text          0x0000000080218340      0x438 build/kernel/components/finsh/finsh_node.o
                0x0000000080218340                finsh_node_init
                0x0000000080218368                finsh_node_allocate
                0x000000008021843c                finsh_node_new_id
                0x0000000080218574                finsh_node_new_char
                0x00000000802185cc                finsh_node_new_int
                0x0000000080218620                finsh_node_new_long
                0x0000000080218674                finsh_node_new_string
                0x0000000080218724                finsh_node_new_ptr
 .text          0x0000000080218778     0x1c28 build/kernel/components/finsh/finsh_ops.o
                0x0000000080218778                OP_no_op
                0x0000000080218790                OP_add_byte
                0x0000000080218808                OP_add_word
                0x000000008021888c                OP_add_dword
                0x0000000080218900                OP_sub_byte
                0x0000000080218978                OP_sub_word
                0x00000000802189fc                OP_sub_dword
                0x0000000080218a70                OP_div_byte
                0x0000000080218aec                OP_div_word
                0x0000000080218b70                OP_div_dword
                0x0000000080218be8                OP_mod_byte
                0x0000000080218c64                OP_mod_word
                0x0000000080218ce8                OP_mod_dword
                0x0000000080218d60                OP_mul_byte
                0x0000000080218dd8                OP_mul_word
                0x0000000080218e5c                OP_mul_dword
                0x0000000080218ed0                OP_and_byte
                0x0000000080218f48                OP_and_word
                0x0000000080218fc0                OP_and_dword
                0x0000000080219034                OP_or_byte
                0x00000000802190ac                OP_or_word
                0x0000000080219124                OP_or_dword
                0x0000000080219198                OP_xor_byte
                0x0000000080219210                OP_xor_word
                0x0000000080219288                OP_xor_dword
                0x00000000802192fc                OP_bw_byte
                0x0000000080219344                OP_bw_word
                0x000000008021938c                OP_bw_dword
                0x00000000802193d0                OP_shl_byte
                0x000000008021944c                OP_shl_word
                0x00000000802194cc                OP_shl_dword
                0x0000000080219540                OP_shr_byte
                0x00000000802195bc                OP_shr_word
                0x000000008021963c                OP_shr_dword
                0x00000000802196b0                OP_ld_byte
                0x0000000080219720                OP_ld_word
                0x00000000802197b8                OP_ld_dword
                0x0000000080219880                OP_ld_value_byte
                0x0000000080219958                OP_ld_value_byte_stack
                0x00000000802199a8                OP_ld_value_word
                0x0000000080219a80                OP_ld_value_word_stack
                0x0000000080219ad0                OP_ld_value_dword
                0x0000000080219ba8                OP_ld_value_dword_stack
                0x0000000080219bf8                OP_st_byte
                0x0000000080219c5c                OP_st_word
                0x0000000080219cc0                OP_st_dword
                0x0000000080219d24                OP_pop
                0x0000000080219d58                OP_call
 .text          0x000000008021a3a0     0x174c build/kernel/components/finsh/finsh_parser.o
                0x000000008021b850                finsh_parser_run
                0x000000008021babc                finsh_parser_init
 .text          0x000000008021baec      0x4a4 build/kernel/components/finsh/finsh_var.o
                0x000000008021baec                finsh_var_init
                0x000000008021bb14                finsh_var_insert
                0x000000008021bc6c                finsh_var_delete
                0x000000008021bd34                finsh_var_lookup
                0x000000008021bde8                finsh_sysvar_append
                0x000000008021bea8                finsh_sysvar_lookup
 .text          0x000000008021bf90      0x258 build/kernel/components/finsh/finsh_vm.o
                0x000000008021bf90                finsh_vm_run
                0x000000008021c054                finsh_syscall_append
                0x000000008021c100                finsh_syscall_lookup
 .text          0x000000008021c1e8     0x1188 build/kernel/components/finsh/finsh_token.o
                0x000000008021c1e8                finsh_token_init
                0x000000008021c220                finsh_token_token
                0x000000008021c26c                finsh_token_get_token
                0x000000008021c2a0                token_get_string
 .text          0x000000008021d370      0x2a8 build/kernel/components/libc/minilibc/stdlib.o
                0x000000008021d370                atoi
                0x000000008021d470                atol
                0x000000008021d570                malloc
                0x000000008021d598                free
                0x000000008021d5b8                realloc
                0x000000008021d5e8                calloc
 .text          0x000000008021d618     0x17e8 build/kernel/components/libc/minilibc/string.o
                0x000000008021d618                strcpy
                0x000000008021d65c                strncpy
                0x000000008021d694                strlcpy
                0x000000008021d758                strcmp
                0x000000008021d7d8                strncmp
                0x000000008021d868                strcat
                0x000000008021d8e8                strncat
                0x000000008021d9a0                strrchr
                0x000000008021da0c                strncasecmp
                0x000000008021dbdc                tolower
                0x000000008021dc0c                toupper
                0x000000008021dc3c                simple_strtoul
                0x000000008021de00                simple_strtol
                0x000000008021de6c                simple_strtoull
                0x000000008021e068                simple_strtoll
                0x000000008021e0e4                vsscanf
                0x000000008021ea60                sscanf
                0x000000008021eaa8                strspn
                0x000000008021eb94                strcspn
                0x000000008021ec78                strtok_r
                0x000000008021ed40                strtok
                0x000000008021ed78                strchr
 .text          0x000000008021ee00       0xf4 build/kernel/components/init/components.o
                0x000000008021ee54                rt_components_board_init
                0x000000008021eea4                rt_components_init
 *fill*         0x000000008021eef4        0x4 00000000
 .text          0x000000008021eef8      0x278 /usr/lib/gcc/arm-none-eabi/4.8.2/armv7-ar/thumb/softfp/libgcc.a(_udivsi3.o)
                0x000000008021eef8                __udivsi3
                0x000000008021eef8                __aeabi_uidiv
                0x000000008021f154                __aeabi_uidivmod
 .text          0x000000008021f170      0x2b0 /usr/lib/gcc/arm-none-eabi/4.8.2/armv7-ar/thumb/softfp/libgcc.a(_divsi3.o)
                0x000000008021f170                __aeabi_idiv
                0x000000008021f170                __divsi3
                0x000000008021f404                __aeabi_idivmod
 .text          0x000000008021f420        0x4 /usr/lib/gcc/arm-none-eabi/4.8.2/armv7-ar/thumb/softfp/libgcc.a(_dvmd_tls.o)
                0x000000008021f420                __aeabi_ldiv0
                0x000000008021f420                __aeabi_idiv0
 *(.text.*)
                0x000000008021f424                . = ALIGN (0x4)
                0x000000008021f424                __fsymtab_start = .
 *(FSymTab)
 FSymTab        0x000000008021f424       0x18 build/bsp/applications/board.o
                0x000000008021f424                __fsym_reboot
                0x000000008021f430                __fsym___cmd_reboot
 FSymTab        0x000000008021f43c        0xc build/kernel/src/mem.o
                0x000000008021f43c                __fsym_list_mem
 FSymTab        0x000000008021f448      0x108 build/kernel/components/finsh/cmd.o
                0x000000008021f448                __fsym_hello
                0x000000008021f454                __fsym_version
                0x000000008021f460                __fsym___cmd_version
                0x000000008021f46c                __fsym_list_thread
                0x000000008021f478                __fsym___cmd_list_thread
                0x000000008021f484                __fsym_list_sem
                0x000000008021f490                __fsym___cmd_list_sem
                0x000000008021f49c                __fsym_list_event
                0x000000008021f4a8                __fsym___cmd_list_event
                0x000000008021f4b4                __fsym_list_mutex
                0x000000008021f4c0                __fsym___cmd_list_mutex
                0x000000008021f4cc                __fsym_list_mailbox
                0x000000008021f4d8                __fsym___cmd_list_mailbox
                0x000000008021f4e4                __fsym_list_msgqueue
                0x000000008021f4f0                __fsym___cmd_list_msgqueue
                0x000000008021f4fc                __fsym_list_mempool
                0x000000008021f508                __fsym___cmd_list_mempool
                0x000000008021f514                __fsym_list_timer
                0x000000008021f520                __fsym___cmd_list_timer
                0x000000008021f52c                __fsym_list_device
                0x000000008021f538                __fsym___cmd_list_device
                0x000000008021f544                __fsym_list
 FSymTab        0x000000008021f550       0x24 build/kernel/components/finsh/msh_cmd.o
                0x000000008021f550                __fsym___cmd_ps
                0x000000008021f55c                __fsym___cmd_time
                0x000000008021f568                __fsym___cmd_free
 FSymTab        0x000000008021f574       0x24 build/kernel/components/finsh/msh.o
                0x000000008021f574                __fsym___cmd_exit
                0x000000008021f580                __fsym_msh
                0x000000008021f58c                __fsym___cmd_help
                0x000000008021f598                __fsymtab_end = .
                0x000000008021f598                . = ALIGN (0x4)
                0x000000008021f598                __vsymtab_start = .
 *(VSymTab)
 VSymTab        0x000000008021f598       0x10 build/kernel/components/finsh/cmd.o
                0x000000008021f598                __vsym_dummy
                0x000000008021f5a8                __vsymtab_end = .
                0x000000008021f5a8                . = ALIGN (0x4)
                0x000000008021f5a8                . = ALIGN (0x4)
                0x000000008021f5a8                __rtmsymtab_start = .
 *(RTMSymTab)
                0x000000008021f5a8                __rtmsymtab_end = .
                0x000000008021f5a8                . = ALIGN (0x4)
                0x000000008021f5a8                __rt_init_start = .
 *(SORT(.rti_fn*))
 .rti_fn.0      0x000000008021f5a8        0x4 build/kernel/components/init/components.o
                0x000000008021f5a8                __rt_init_rti_start
 .rti_fn.1      0x000000008021f5ac        0x4 build/bsp/drivers/serial.o
                0x000000008021f5ac                __rt_init_rt_hw_serial_init
 .rti_fn.1      0x000000008021f5b0        0x4 build/bsp/applications/board.o
                0x000000008021f5b0                __rt_init_rt_hw_timer_init
 .rti_fn.1.post
                0x000000008021f5b4        0x4 build/kernel/components/init/components.o
                0x000000008021f5b4                __rt_init_rti_board_end
 .rti_fn.3      0x000000008021f5b8        0x4 build/kernel/components/finsh/shell.o
                0x000000008021f5b8                __rt_init_finsh_system_init
 .rti_fn.7      0x000000008021f5bc        0x4 build/kernel/components/init/components.o
                0x000000008021f5bc                __rt_init_rti_end
                0x000000008021f5c0                __rt_init_end = .
                0x000000008021f5c0                __text_end = .
                0x000000008021f5c0                __rodata_start = .

.glue_7         0x000000008021f5c0        0x0
 .glue_7        0x0000000000000000        0x0 linker stubs

.glue_7t        0x000000008021f5c0        0x0
 .glue_7t       0x0000000000000000        0x0 linker stubs

.vfp11_veneer   0x000000008021f5c0        0x0
 .vfp11_veneer  0x0000000000000000        0x0 linker stubs

.v4_bx          0x000000008021f5c0        0x0
 .v4_bx         0x0000000000000000        0x0 linker stubs

.iplt           0x000000008021f5c0        0x0
 .iplt          0x0000000000000000        0x0 /usr/lib/gcc/arm-none-eabi/4.8.2/armv7-ar/thumb/softfp/crtbegin.o

.rodata         0x000000008021f5c0     0x2290
 *(.rodata)
 .rodata        0x000000008021f5c0       0xe0 build/bsp/drivers/serial.o
 .rodata        0x000000008021f6a0       0x50 build/bsp/applications/application.o
 .rodata        0x000000008021f6f0       0x7c build/bsp/applications/board.o
                0x000000008021f724                __fsym_reboot_name
                0x000000008021f72c                __fsym_reboot_desc
                0x000000008021f73c                __fsym___cmd_reboot_name
                0x000000008021f74c                __fsym___cmd_reboot_desc
 .rodata        0x000000008021f76c      0x130 build/kernel/src/device.o
 .rodata        0x000000008021f89c       0x68 build/kernel/src/idle.o
 .rodata        0x000000008021f904      0x304 build/kernel/src/ipc.o
 .rodata        0x000000008021fc08      0x1b8 build/kernel/src/kservice.o
                0x000000008021fc98                __lowest_bit_bitmap
 .rodata        0x000000008021fdc0      0x348 build/kernel/src/mem.o
                0x0000000080220090                __fsym_list_mem_name
                0x000000008022009c                __fsym_list_mem_desc
 .rodata        0x0000000080220108       0xf0 build/kernel/src/object.o
 .rodata        0x00000000802201f8       0x6c build/kernel/src/scheduler.o
 .rodata        0x0000000080220264      0x170 build/kernel/src/thread.o
 .rodata        0x00000000802203d4       0xc4 build/kernel/src/timer.o
 .rodata        0x0000000080220498       0x48 build/kernel/libcpu/arm/am335x/cpu.o
 .rodata        0x00000000802204e0       0x80 build/kernel/libcpu/arm/am335x/interrupt.o
                0x0000000080220528                AM335X_VECTOR_BASE
 .rodata        0x0000000080220560      0x120 build/kernel/libcpu/arm/am335x/trap.o
 .rodata        0x0000000080220680       0x64 build/kernel/components/gdb/gdb_stub.o
 .rodata        0x00000000802206e4       0x50 build/kernel/components/gdb/hal_stub.o
 .rodata        0x0000000080220734      0x12c build/kernel/components/drivers/serial/serial.o
 .rodata        0x0000000080220860       0xd0 build/kernel/components/drivers/src/dataqueue.o
 .rodata        0x0000000080220930      0x160 build/kernel/components/finsh/shell.o
 .rodata        0x0000000080220a90      0xa10 build/kernel/components/finsh/cmd.o
                0x0000000080220aa4                __fsym_hello_name
                0x0000000080220aac                __fsym_hello_desc
                0x0000000080220abc                __fsym_version_name
                0x0000000080220ac4                __fsym_version_desc
                0x0000000080220ae8                __fsym___cmd_version_name
                0x0000000080220af8                __fsym___cmd_version_desc
                0x0000000080220c14                __fsym_list_thread_name
                0x0000000080220c20                __fsym_list_thread_desc
                0x0000000080220c2c                __fsym___cmd_list_thread_name
                0x0000000080220c40                __fsym___cmd_list_thread_desc
                0x0000000080220cc0                __fsym_list_sem_name
                0x0000000080220ccc                __fsym_list_sem_desc
                0x0000000080220ce8                __fsym___cmd_list_sem_name
                0x0000000080220cf8                __fsym___cmd_list_sem_desc
                0x0000000080220d88                __fsym_list_event_name
                0x0000000080220d94                __fsym_list_event_desc
                0x0000000080220dac                __fsym___cmd_list_event_name
                0x0000000080220dc0                __fsym___cmd_list_event_desc
                0x0000000080220e40                __fsym_list_mutex_name
                0x0000000080220e4c                __fsym_list_mutex_desc
                0x0000000080220e64                __fsym___cmd_list_mutex_name
                0x0000000080220e78                __fsym___cmd_list_mutex_desc
                0x0000000080220f08                __fsym_list_mailbox_name
                0x0000000080220f18                __fsym_list_mailbox_desc
                0x0000000080220f30                __fsym___cmd_list_mailbox_name
                0x0000000080220f44                __fsym___cmd_list_mailbox_desc
                0x0000000080220fc4                __fsym_list_msgqueue_name
                0x0000000080220fd4                __fsym_list_msgqueue_desc
                0x0000000080220ff4                __fsym___cmd_list_msgqueue_name
                0x0000000080221008                __fsym___cmd_list_msgqueue_desc
                0x00000000802210b8                __fsym_list_mempool_name
                0x00000000802210c8                __fsym_list_mempool_desc
                0x00000000802210e4                __fsym___cmd_list_mempool_name
                0x00000000802210f8                __fsym___cmd_list_mempool_desc
                0x00000000802211b4                __fsym_list_timer_name
                0x00000000802211c0                __fsym_list_timer_desc
                0x00000000802211d8                __fsym___cmd_list_timer_name
                0x00000000802211ec                __fsym___cmd_list_timer_desc
                0x000000008022139c                __fsym_list_device_name
                0x00000000802213a8                __fsym_list_device_desc
                0x00000000802213c0                __fsym___cmd_list_device_name
                0x00000000802213d4                __fsym___cmd_list_device_desc
                0x0000000080221430                __fsym_list_name
                0x0000000080221438                __fsym_list_desc
                0x000000008022147c                __vsym_dummy_name
                0x0000000080221484                __vsym_dummy_desc
 .rodata        0x00000000802214a0       0x84 build/kernel/components/finsh/msh_cmd.o
                0x00000000802214a0                __fsym___cmd_ps_name
                0x00000000802214ac                __fsym___cmd_ps_desc
                0x00000000802214c8                __fsym___cmd_time_name
                0x00000000802214d4                __fsym___cmd_time_desc
                0x00000000802214f0                __fsym___cmd_free_name
                0x00000000802214fc                __fsym___cmd_free_desc
 .rodata        0x0000000080221524       0xf4 build/kernel/components/finsh/msh.o
                0x0000000080221524                __fsym___cmd_exit_name
                0x0000000080221530                __fsym___cmd_exit_desc
                0x0000000080221550                __fsym_msh_name
                0x0000000080221554                __fsym_msh_desc
                0x000000008022159c                __fsym___cmd_help_name
                0x00000000802215a8                __fsym___cmd_help_desc
 .rodata        0x0000000080221618       0xf4 build/kernel/components/finsh/finsh_error.o
 .rodata        0x000000008022170c       0xc4 build/kernel/components/finsh/finsh_ops.o
                0x000000008022170c                op_table
 .rodata        0x00000000802217d0       0x80 build/kernel/components/finsh/finsh_token.o
 *(.rodata.*)
                0x0000000080221850                __rodata_end = .

.rel.dyn        0x0000000080221850        0x0
 .rel.iplt      0x0000000000000000        0x0 /usr/lib/gcc/arm-none-eabi/4.8.2/armv7-ar/thumb/softfp/crtbegin.o
                0x0000000080221850                . = ALIGN (0x4)

.ctors          0x0000000080221850        0x0
                0x0000000080221850                PROVIDE (__ctors_start__, .)
 *(SORT(.ctors.*))
 *(.ctors)
                0x0000000080221850                PROVIDE (__ctors_end__, .)

.dtors          0x0000000080221850        0x0
                0x0000000080221850                PROVIDE (__dtors_start__, .)
 *(SORT(.dtors.*))
 *(.dtors)
                0x0000000080221850                PROVIDE (__dtors_end__, .)
                0x0000000080221850                __data_start = .
                0x0000000080221850                . = ALIGN (0x4)

.data           0x0000000080221850      0x220
 *(.data)
 .data          0x0000000080221850       0x28 build/bsp/drivers/serial.o
                0x0000000080221850                uart0
                0x0000000080221858                uart1
                0x0000000080221860                uart2
                0x0000000080221868                uart4
                0x0000000080221870                uart5
 .data          0x0000000080221878       0x90 build/kernel/src/object.o
                0x0000000080221878                rt_object_container
 .data          0x0000000080221908       0x10 build/kernel/components/gdb/hal_stub.o
                0x0000000080221908                gdb_io_ops
 .data          0x0000000080221918       0x1c build/kernel/components/gdb/libcpu/arm/arm_stub.o
                0x0000000080221918                arch_gdb_ops
 .data          0x0000000080221934       0x3c build/kernel/components/finsh/finsh_error.o
 .data          0x0000000080221970      0x100 build/kernel/components/libc/minilibc/string.o
                0x0000000080221970                _ctype
 *(.data.*)
                0x0000000080221a70                __data_end = .

.igot.plt       0x0000000080221a70        0x0
 .igot.plt      0x0000000000000000        0x0 /usr/lib/gcc/arm-none-eabi/4.8.2/armv7-ar/thumb/softfp/crtbegin.o
                0x0000000080221a70                . = ALIGN (0x4)
                0x0000000080221a70                __bss_start = __data_end

.bss            0x0000000080221a70     0x2b8c
 *(.bss)
 .bss           0x0000000080221a70        0x4 build/kernel/src/clock.o
 .bss           0x0000000080221a74      0x27c build/kernel/src/idle.o
 .bss           0x0000000080221cf0       0x88 build/kernel/src/kservice.o
 .bss           0x0000000080221d78       0x3c build/kernel/src/mem.o
 .bss           0x0000000080221db4        0x8 build/kernel/src/object.o
 .bss           0x0000000080221dbc        0x8 build/kernel/src/scheduler.o
 .bss           0x0000000080221dc4       0x10 build/kernel/src/timer.o
 .bss           0x0000000080221dd4      0x120 build/kernel/components/gdb/gdb_stub.o
 .bss           0x0000000080221ef4        0x8 build/kernel/components/gdb/hal_stub.o
 .bss           0x0000000080221efc        0x4 build/kernel/components/gdb/libcpu/arm/arm_stub.o
 .bss           0x0000000080221f00     0x10fc build/kernel/components/finsh/shell.o
 .bss           0x0000000080222ffc       0x10 build/kernel/components/finsh/symbol.o
                0x0000000080222ffc                _syscall_table_begin
                0x0000000080223000                _syscall_table_end
                0x0000000080223004                _sysvar_table_begin
                0x0000000080223008                _sysvar_table_end
 .bss           0x000000008022300c        0x4 build/kernel/components/finsh/cmd.o
 .bss           0x0000000080223010        0x4 build/kernel/components/finsh/msh.o
 .bss           0x0000000080223014        0x8 build/kernel/components/finsh/finsh_heap.o
 .bss           0x000000008022301c        0x4 build/kernel/components/finsh/finsh_vm.o
                0x000000008022301c                global_syscall_list
 .bss           0x0000000080223020        0x4 build/kernel/components/libc/minilibc/string.o
 *(.bss.*)
 *(COMMON)
 COMMON         0x0000000080223024      0x3ac build/bsp/drivers/serial.o
                0x0000000080223024                serial5
                0x000000008022309c                uart4_int_rx
                0x00000000802230e0                serial0
                0x0000000080223158                uart0_int_rx
                0x000000008022319c                serial1
                0x0000000080223214                serial4
                0x000000008022328c                uart2_int_rx
                0x00000000802232d0                uart5_int_rx
                0x0000000080223314                uart1_int_rx
                0x0000000080223358                serial2
 COMMON         0x00000000802233d0        0x4 build/bsp/applications/application.o
                0x00000000802233d0                gdb_connected
 COMMON         0x00000000802233d4        0x1 build/kernel/src/irq.o
                0x00000000802233d4                rt_interrupt_nest
 *fill*         0x00000000802233d5        0x3 
 COMMON         0x00000000802233d8        0xc build/kernel/src/object.o
                0x00000000802233d8                rt_object_put_hook
                0x00000000802233dc                rt_object_take_hook
                0x00000000802233e0                rt_object_trytake_hook
 COMMON         0x00000000802233e4      0x114 build/kernel/src/scheduler.o
                0x00000000802233e4                rt_thread_priority_table
                0x00000000802234e4                rt_current_priority
                0x00000000802234e8                rt_current_thread
                0x00000000802234ec                rt_thread_ready_priority_group
                0x00000000802234f0                rt_thread_defunct
 COMMON         0x00000000802234f8      0xa0c build/kernel/libcpu/arm/am335x/interrupt.o
                0x00000000802234f8                rt_interrupt_to_thread
                0x00000000802234fc                rt_interrupt_from_thread
                0x0000000080223500                rt_thread_switch_interrupt_flag
                0x0000000080223504                isr_table
 COMMON         0x0000000080223f04      0x2d6 build/kernel/components/gdb/gdb_stub.o
                0x0000000080223f04                gs
                0x0000000080223f24                remcom_in_buffer
                0x0000000080224080                remcom_out_buffer
 *fill*         0x00000000802241da        0x2 
 COMMON         0x00000000802241dc        0x4 build/kernel/components/gdb/libcpu/arm/arm_stub.o
                0x00000000802241dc                regs
 COMMON         0x00000000802241e0        0x4 build/kernel/components/finsh/shell.o
                0x00000000802241e0                shell
 COMMON         0x00000000802241e4        0x8 build/kernel/components/finsh/finsh_compiler.o
                0x00000000802241e4                finsh_compile_pc
                0x00000000802241e8                finsh_compile_sp
 COMMON         0x00000000802241ec        0x1 build/kernel/components/finsh/finsh_error.o
                0x00000000802241ec                global_errno
 *fill*         0x00000000802241ed        0x3 
 COMMON         0x00000000802241f0       0x80 build/kernel/components/finsh/finsh_heap.o
                0x00000000802241f0                finsh_heap
 COMMON         0x0000000080224270      0x140 build/kernel/components/finsh/finsh_node.o
                0x0000000080224270                global_node_table
 COMMON         0x00000000802243b0       0xc4 build/kernel/components/finsh/finsh_var.o
                0x00000000802243b0                global_sysvar_list
                0x00000000802243b4                global_variable
 COMMON         0x0000000080224474      0x188 build/kernel/components/finsh/finsh_vm.o
                0x0000000080224474                text_segment
                0x00000000802244f4                finsh_vm_stack
                0x00000000802245f4                finsh_pc
                0x00000000802245f8                finsh_sp
                0x00000000802245fc                . = ALIGN (0x4)
                0x00000000802245fc                . = ALIGN (0x4)
                0x00000000802245fc                __bss_end = .

.stab
 *(.stab)

.stabstr
 *(.stabstr)

.stab.excl
 *(.stab.excl)

.stab.exclstr
 *(.stab.exclstr)

.stab.index
 *(.stab.index)

.stab.indexstr
 *(.stab.indexstr)

.comment        0x0000000000000000       0x1f
 *(.comment)
 .comment       0x0000000000000000       0x1f build/bsp/drivers/serial.o
                                         0x20 (size before relaxing)
 .comment       0x0000000000000000       0x20 build/bsp/applications/application.o
 .comment       0x0000000000000000       0x20 build/bsp/applications/board.o
 .comment       0x0000000000000000       0x20 build/bsp/applications/startup.o
 .comment       0x0000000000000000       0x20 build/kernel/src/clock.o
 .comment       0x0000000000000000       0x20 build/kernel/src/device.o
 .comment       0x0000000000000000       0x20 build/kernel/src/idle.o
 .comment       0x0000000000000000       0x20 build/kernel/src/ipc.o
 .comment       0x0000000000000000       0x20 build/kernel/src/irq.o
 .comment       0x0000000000000000       0x20 build/kernel/src/kservice.o
 .comment       0x0000000000000000       0x20 build/kernel/src/mem.o
 .comment       0x0000000000000000       0x20 build/kernel/src/object.o
 .comment       0x0000000000000000       0x20 build/kernel/src/scheduler.o
 .comment       0x0000000000000000       0x20 build/kernel/src/thread.o
 .comment       0x0000000000000000       0x20 build/kernel/src/timer.o
 .comment       0x0000000000000000       0x20 build/kernel/libcpu/arm/am335x/cpu.o
 .comment       0x0000000000000000       0x20 build/kernel/libcpu/arm/am335x/interrupt.o
 .comment       0x0000000000000000       0x20 build/kernel/libcpu/arm/am335x/stack.o
 .comment       0x0000000000000000       0x20 build/kernel/libcpu/arm/am335x/trap.o
 .comment       0x0000000000000000       0x20 build/kernel/components/gdb/gdb_stub.o
 .comment       0x0000000000000000       0x20 build/kernel/components/gdb/hal_stub.o
 .comment       0x0000000000000000       0x20 build/kernel/components/gdb/libcpu/arm/arm_stub.o
 .comment       0x0000000000000000       0x20 build/kernel/components/drivers/serial/serial.o
 .comment       0x0000000000000000       0x20 build/kernel/components/drivers/src/dataqueue.o
 .comment       0x0000000000000000       0x20 build/kernel/components/finsh/shell.o
 .comment       0x0000000000000000       0x20 build/kernel/components/finsh/symbol.o
 .comment       0x0000000000000000       0x20 build/kernel/components/finsh/cmd.o
 .comment       0x0000000000000000       0x20 build/kernel/components/finsh/msh_cmd.o
 .comment       0x0000000000000000       0x20 build/kernel/components/finsh/msh.o
 .comment       0x0000000000000000       0x20 build/kernel/components/finsh/finsh_compiler.o
 .comment       0x0000000000000000       0x20 build/kernel/components/finsh/finsh_error.o
 .comment       0x0000000000000000       0x20 build/kernel/components/finsh/finsh_heap.o
 .comment       0x0000000000000000       0x20 build/kernel/components/finsh/finsh_init.o
 .comment       0x0000000000000000       0x20 build/kernel/components/finsh/finsh_node.o
 .comment       0x0000000000000000       0x20 build/kernel/components/finsh/finsh_ops.o
 .comment       0x0000000000000000       0x20 build/kernel/components/finsh/finsh_parser.o
 .comment       0x0000000000000000       0x20 build/kernel/components/finsh/finsh_var.o
 .comment       0x0000000000000000       0x20 build/kernel/components/finsh/finsh_vm.o
 .comment       0x0000000000000000       0x20 build/kernel/components/finsh/finsh_token.o
 .comment       0x0000000000000000       0x20 build/kernel/components/libc/minilibc/stdlib.o
 .comment       0x0000000000000000       0x20 build/kernel/components/libc/minilibc/string.o
 .comment       0x0000000000000000       0x20 build/kernel/components/init/components.o
                0x0000000000000020                _end = .
OUTPUT(rtthread-beaglebone.elf elf32-littlearm)

.ARM.attributes
                0x0000000000000000       0x2d
 .ARM.attributes
                0x0000000000000000       0x2f build/bsp/drivers/serial.o
 .ARM.attributes
                0x000000000000002f       0x2f build/bsp/applications/application.o
 .ARM.attributes
                0x000000000000005e       0x2f build/bsp/applications/board.o
 .ARM.attributes
                0x000000000000008d       0x2f build/bsp/applications/startup.o
 .ARM.attributes
                0x00000000000000bc       0x2f build/kernel/src/clock.o
 .ARM.attributes
                0x00000000000000eb       0x2f build/kernel/src/device.o
 .ARM.attributes
                0x000000000000011a       0x2f build/kernel/src/idle.o
 .ARM.attributes
                0x0000000000000149       0x2f build/kernel/src/ipc.o
 .ARM.attributes
                0x0000000000000178       0x2f build/kernel/src/irq.o
 .ARM.attributes
                0x00000000000001a7       0x2f build/kernel/src/kservice.o
 .ARM.attributes
                0x00000000000001d6       0x2f build/kernel/src/mem.o
 .ARM.attributes
                0x0000000000000205       0x2f build/kernel/src/object.o
 .ARM.attributes
                0x0000000000000234       0x2f build/kernel/src/scheduler.o
 .ARM.attributes
                0x0000000000000263       0x2f build/kernel/src/thread.o
 .ARM.attributes
                0x0000000000000292       0x2f build/kernel/src/timer.o
 .ARM.attributes
                0x00000000000002c1       0x2f build/kernel/libcpu/arm/am335x/cpu.o
 .ARM.attributes
                0x00000000000002f0       0x2f build/kernel/libcpu/arm/am335x/interrupt.o
 .ARM.attributes
                0x000000000000031f       0x2f build/kernel/libcpu/arm/am335x/stack.o
 .ARM.attributes
                0x000000000000034e       0x2f build/kernel/libcpu/arm/am335x/trap.o
 .ARM.attributes
                0x000000000000037d       0x1f build/kernel/libcpu/arm/am335x/context_gcc.o
 .ARM.attributes
                0x000000000000039c       0x1f build/kernel/libcpu/arm/am335x/cp15_gcc.o
 .ARM.attributes
                0x00000000000003bb       0x1f build/kernel/libcpu/arm/am335x/start_gcc.o
 .ARM.attributes
                0x00000000000003da       0x1f build/kernel/libcpu/arm/am335x/vector_gcc.o
 .ARM.attributes
                0x00000000000003f9       0x2f build/kernel/components/gdb/gdb_stub.o
 .ARM.attributes
                0x0000000000000428       0x2f build/kernel/components/gdb/hal_stub.o
 .ARM.attributes
                0x0000000000000457       0x2f build/kernel/components/gdb/libcpu/arm/arm_stub.o
 .ARM.attributes
                0x0000000000000486       0x2f build/kernel/components/drivers/serial/serial.o
 .ARM.attributes
                0x00000000000004b5       0x2f build/kernel/components/drivers/src/dataqueue.o
 .ARM.attributes
                0x00000000000004e4       0x2f build/kernel/components/finsh/shell.o
 .ARM.attributes
                0x0000000000000513       0x2f build/kernel/components/finsh/symbol.o
 .ARM.attributes
                0x0000000000000542       0x2f build/kernel/components/finsh/cmd.o
 .ARM.attributes
                0x0000000000000571       0x2f build/kernel/components/finsh/msh_cmd.o
 .ARM.attributes
                0x00000000000005a0       0x2f build/kernel/components/finsh/msh.o
 .ARM.attributes
                0x00000000000005cf       0x2f build/kernel/components/finsh/finsh_compiler.o
 .ARM.attributes
                0x00000000000005fe       0x2f build/kernel/components/finsh/finsh_error.o
 .ARM.attributes
                0x000000000000062d       0x2f build/kernel/components/finsh/finsh_heap.o
 .ARM.attributes
                0x000000000000065c       0x2f build/kernel/components/finsh/finsh_init.o
 .ARM.attributes
                0x000000000000068b       0x2f build/kernel/components/finsh/finsh_node.o
 .ARM.attributes
                0x00000000000006ba       0x2f build/kernel/components/finsh/finsh_ops.o
 .ARM.attributes
                0x00000000000006e9       0x2f build/kernel/components/finsh/finsh_parser.o
 .ARM.attributes
                0x0000000000000718       0x2f build/kernel/components/finsh/finsh_var.o
 .ARM.attributes
                0x0000000000000747       0x2f build/kernel/components/finsh/finsh_vm.o
 .ARM.attributes
                0x0000000000000776       0x2f build/kernel/components/finsh/finsh_token.o
 .ARM.attributes
                0x00000000000007a5       0x2f build/kernel/components/libc/minilibc/stdlib.o
 .ARM.attributes
                0x00000000000007d4       0x2f build/kernel/components/libc/minilibc/string.o
 .ARM.attributes
                0x0000000000000803       0x2f build/kernel/components/init/components.o
 .ARM.attributes
                0x0000000000000832       0x1b /usr/lib/gcc/arm-none-eabi/4.8.2/armv7-ar/thumb/softfp/libgcc.a(_udivsi3.o)
 .ARM.attributes
                0x000000000000084d       0x1b /usr/lib/gcc/arm-none-eabi/4.8.2/armv7-ar/thumb/softfp/libgcc.a(_divsi3.o)
 .ARM.attributes
                0x0000000000000868       0x1b /usr/lib/gcc/arm-none-eabi/4.8.2/armv7-ar/thumb/softfp/libgcc.a(_dvmd_tls.o)

.debug_info     0x0000000000000000    0x12885
 .debug_info    0x0000000000000000      0xbd1 build/bsp/drivers/serial.o
 .debug_info    0x0000000000000bd1      0x3dc build/bsp/applications/application.o
 .debug_info    0x0000000000000fad      0x299 build/bsp/applications/board.o
 .debug_info    0x0000000000001246       0x96 build/bsp/applications/startup.o
 .debug_info    0x00000000000012dc      0x3b3 build/kernel/src/clock.o
 .debug_info    0x000000000000168f      0x982 build/kernel/src/device.o
 .debug_info    0x0000000000002011      0x4c7 build/kernel/src/idle.o
 .debug_info    0x00000000000024d8     0x1f08 build/kernel/src/ipc.o
 .debug_info    0x00000000000043e0       0xee build/kernel/src/irq.o
 .debug_info    0x00000000000044ce     0x1014 build/kernel/src/kservice.o
 .debug_info    0x00000000000054e2      0x8e4 build/kernel/src/mem.o
 .debug_info    0x0000000000005dc6      0x6c8 build/kernel/src/object.o
 .debug_info    0x000000000000648e      0x665 build/kernel/src/scheduler.o
 .debug_info    0x0000000000006af3      0xb96 build/kernel/src/thread.o
 .debug_info    0x0000000000007689      0x92d build/kernel/src/timer.o
 .debug_info    0x0000000000007fb6      0x1bc build/kernel/libcpu/arm/am335x/cpu.o
 .debug_info    0x0000000000008172      0x3a3 build/kernel/libcpu/arm/am335x/interrupt.o
 .debug_info    0x0000000000008515       0xe5 build/kernel/libcpu/arm/am335x/stack.o
 .debug_info    0x00000000000085fa      0x5c6 build/kernel/libcpu/arm/am335x/trap.o
 .debug_info    0x0000000000008bc0       0x7f build/kernel/libcpu/arm/am335x/context_gcc.o
 .debug_info    0x0000000000008c3f       0x7c build/kernel/libcpu/arm/am335x/cp15_gcc.o
 .debug_info    0x0000000000008cbb       0x7d build/kernel/libcpu/arm/am335x/start_gcc.o
 .debug_info    0x0000000000008d38       0x7e build/kernel/libcpu/arm/am335x/vector_gcc.o
 .debug_info    0x0000000000008db6      0xb80 build/kernel/components/gdb/gdb_stub.o
 .debug_info    0x0000000000009936      0x77e build/kernel/components/gdb/hal_stub.o
 .debug_info    0x000000000000a0b4      0x3c3 build/kernel/components/gdb/libcpu/arm/arm_stub.o
 .debug_info    0x000000000000a477      0xccd build/kernel/components/drivers/serial/serial.o
 .debug_info    0x000000000000b144      0x81d build/kernel/components/drivers/src/dataqueue.o
 .debug_info    0x000000000000b961      0xe88 build/kernel/components/finsh/shell.o
 .debug_info    0x000000000000c7e9      0x15a build/kernel/components/finsh/symbol.o
 .debug_info    0x000000000000c943     0x16f9 build/kernel/components/finsh/cmd.o
 .debug_info    0x000000000000e03c      0x289 build/kernel/components/finsh/msh_cmd.o
 .debug_info    0x000000000000e2c5      0x5cc build/kernel/components/finsh/msh.o
 .debug_info    0x000000000000e891      0x54f build/kernel/components/finsh/finsh_compiler.o
 .debug_info    0x000000000000ede0      0x132 build/kernel/components/finsh/finsh_error.o
 .debug_info    0x000000000000ef12      0x3f0 build/kernel/components/finsh/finsh_heap.o
 .debug_info    0x000000000000f302      0x450 build/kernel/components/finsh/finsh_init.o
 .debug_info    0x000000000000f752      0x44e build/kernel/components/finsh/finsh_node.o
 .debug_info    0x000000000000fba0      0x56e build/kernel/components/finsh/finsh_ops.o
 .debug_info    0x000000000001010e      0xb7b build/kernel/components/finsh/finsh_parser.o
 .debug_info    0x0000000000010c89      0x38c build/kernel/components/finsh/finsh_var.o
 .debug_info    0x0000000000011015      0x2b0 build/kernel/components/finsh/finsh_vm.o
 .debug_info    0x00000000000112c5      0x67f build/kernel/components/finsh/finsh_token.o
 .debug_info    0x0000000000011944      0x1c7 build/kernel/components/libc/minilibc/stdlib.o
 .debug_info    0x0000000000011b0b      0xa21 build/kernel/components/libc/minilibc/string.o
 .debug_info    0x000000000001252c      0x140 build/kernel/components/init/components.o
 .debug_info    0x000000000001266c       0xb3 /usr/lib/gcc/arm-none-eabi/4.8.2/armv7-ar/thumb/softfp/libgcc.a(_udivsi3.o)
 .debug_info    0x000000000001271f       0xb3 /usr/lib/gcc/arm-none-eabi/4.8.2/armv7-ar/thumb/softfp/libgcc.a(_divsi3.o)
 .debug_info    0x00000000000127d2       0xb3 /usr/lib/gcc/arm-none-eabi/4.8.2/armv7-ar/thumb/softfp/libgcc.a(_dvmd_tls.o)

.debug_abbrev   0x0000000000000000     0x466f
 .debug_abbrev  0x0000000000000000      0x22e build/bsp/drivers/serial.o
 .debug_abbrev  0x000000000000022e      0x143 build/bsp/applications/application.o
 .debug_abbrev  0x0000000000000371      0x15f build/bsp/applications/board.o
 .debug_abbrev  0x00000000000004d0       0x6d build/bsp/applications/startup.o
 .debug_abbrev  0x000000000000053d      0x138 build/kernel/src/clock.o
 .debug_abbrev  0x0000000000000675      0x18a build/kernel/src/device.o
 .debug_abbrev  0x00000000000007ff      0x1b7 build/kernel/src/idle.o
 .debug_abbrev  0x00000000000009b6      0x213 build/kernel/src/ipc.o
 .debug_abbrev  0x0000000000000bc9       0x92 build/kernel/src/irq.o
 .debug_abbrev  0x0000000000000c5b      0x2db build/kernel/src/kservice.o
 .debug_abbrev  0x0000000000000f36      0x239 build/kernel/src/mem.o
 .debug_abbrev  0x000000000000116f      0x1f7 build/kernel/src/object.o
 .debug_abbrev  0x0000000000001366      0x1ce build/kernel/src/scheduler.o
 .debug_abbrev  0x0000000000001534      0x221 build/kernel/src/thread.o
 .debug_abbrev  0x0000000000001755      0x28f build/kernel/src/timer.o
 .debug_abbrev  0x00000000000019e4      0x118 build/kernel/libcpu/arm/am335x/cpu.o
 .debug_abbrev  0x0000000000001afc      0x180 build/kernel/libcpu/arm/am335x/interrupt.o
 .debug_abbrev  0x0000000000001c7c       0x7f build/kernel/libcpu/arm/am335x/stack.o
 .debug_abbrev  0x0000000000001cfb      0x147 build/kernel/libcpu/arm/am335x/trap.o
 .debug_abbrev  0x0000000000001e42       0x14 build/kernel/libcpu/arm/am335x/context_gcc.o
 .debug_abbrev  0x0000000000001e56       0x14 build/kernel/libcpu/arm/am335x/cp15_gcc.o
 .debug_abbrev  0x0000000000001e6a       0x14 build/kernel/libcpu/arm/am335x/start_gcc.o
 .debug_abbrev  0x0000000000001e7e       0x14 build/kernel/libcpu/arm/am335x/vector_gcc.o
 .debug_abbrev  0x0000000000001e92      0x331 build/kernel/components/gdb/gdb_stub.o
 .debug_abbrev  0x00000000000021c3      0x1d4 build/kernel/components/gdb/hal_stub.o
 .debug_abbrev  0x0000000000002397      0x14d build/kernel/components/gdb/libcpu/arm/arm_stub.o
 .debug_abbrev  0x00000000000024e4      0x248 build/kernel/components/drivers/serial/serial.o
 .debug_abbrev  0x000000000000272c      0x1de build/kernel/components/drivers/src/dataqueue.o
 .debug_abbrev  0x000000000000290a      0x33e build/kernel/components/finsh/shell.o
 .debug_abbrev  0x0000000000002c48       0x96 build/kernel/components/finsh/symbol.o
 .debug_abbrev  0x0000000000002cde      0x2bb build/kernel/components/finsh/cmd.o
 .debug_abbrev  0x0000000000002f99      0x101 build/kernel/components/finsh/msh_cmd.o
 .debug_abbrev  0x000000000000309a      0x245 build/kernel/components/finsh/msh.o
 .debug_abbrev  0x00000000000032df      0x22d build/kernel/components/finsh/finsh_compiler.o
 .debug_abbrev  0x000000000000350c       0xbe build/kernel/components/finsh/finsh_error.o
 .debug_abbrev  0x00000000000035ca      0x199 build/kernel/components/finsh/finsh_heap.o
 .debug_abbrev  0x0000000000003763      0x17b build/kernel/components/finsh/finsh_init.o
 .debug_abbrev  0x00000000000038de      0x1b5 build/kernel/components/finsh/finsh_node.o
 .debug_abbrev  0x0000000000003a93      0x15d build/kernel/components/finsh/finsh_ops.o
 .debug_abbrev  0x0000000000003bf0      0x22f build/kernel/components/finsh/finsh_parser.o
 .debug_abbrev  0x0000000000003e1f      0x16b build/kernel/components/finsh/finsh_var.o
 .debug_abbrev  0x0000000000003f8a      0x146 build/kernel/components/finsh/finsh_vm.o
 .debug_abbrev  0x00000000000040d0      0x223 build/kernel/components/finsh/finsh_token.o
 .debug_abbrev  0x00000000000042f3       0xf6 build/kernel/components/libc/minilibc/stdlib.o
 .debug_abbrev  0x00000000000043e9      0x1a8 build/kernel/components/libc/minilibc/string.o
 .debug_abbrev  0x0000000000004591       0xa2 build/kernel/components/init/components.o
 .debug_abbrev  0x0000000000004633       0x14 /usr/lib/gcc/arm-none-eabi/4.8.2/armv7-ar/thumb/softfp/libgcc.a(_udivsi3.o)
 .debug_abbrev  0x0000000000004647       0x14 /usr/lib/gcc/arm-none-eabi/4.8.2/armv7-ar/thumb/softfp/libgcc.a(_divsi3.o)
 .debug_abbrev  0x000000000000465b       0x14 /usr/lib/gcc/arm-none-eabi/4.8.2/armv7-ar/thumb/softfp/libgcc.a(_dvmd_tls.o)

.debug_aranges  0x0000000000000000      0x618
 .debug_aranges
                0x0000000000000000       0x20 build/bsp/drivers/serial.o
 .debug_aranges
                0x0000000000000020       0x20 build/bsp/applications/application.o
 .debug_aranges
                0x0000000000000040       0x20 build/bsp/applications/board.o
 .debug_aranges
                0x0000000000000060       0x20 build/bsp/applications/startup.o
 .debug_aranges
                0x0000000000000080       0x20 build/kernel/src/clock.o
 .debug_aranges
                0x00000000000000a0       0x20 build/kernel/src/device.o
 .debug_aranges
                0x00000000000000c0       0x20 build/kernel/src/idle.o
 .debug_aranges
                0x00000000000000e0       0x20 build/kernel/src/ipc.o
 .debug_aranges
                0x0000000000000100       0x20 build/kernel/src/irq.o
 .debug_aranges
                0x0000000000000120       0x20 build/kernel/src/kservice.o
 .debug_aranges
                0x0000000000000140       0x20 build/kernel/src/mem.o
 .debug_aranges
                0x0000000000000160       0x20 build/kernel/src/object.o
 .debug_aranges
                0x0000000000000180       0x20 build/kernel/src/scheduler.o
 .debug_aranges
                0x00000000000001a0       0x20 build/kernel/src/thread.o
 .debug_aranges
                0x00000000000001c0       0x20 build/kernel/src/timer.o
 .debug_aranges
                0x00000000000001e0       0x20 build/kernel/libcpu/arm/am335x/cpu.o
 .debug_aranges
                0x0000000000000200       0x20 build/kernel/libcpu/arm/am335x/interrupt.o
 .debug_aranges
                0x0000000000000220       0x20 build/kernel/libcpu/arm/am335x/stack.o
 .debug_aranges
                0x0000000000000240       0x20 build/kernel/libcpu/arm/am335x/trap.o
 .debug_aranges
                0x0000000000000260       0x20 build/kernel/libcpu/arm/am335x/context_gcc.o
 .debug_aranges
                0x0000000000000280       0x20 build/kernel/libcpu/arm/am335x/cp15_gcc.o
 .debug_aranges
                0x00000000000002a0       0x20 build/kernel/libcpu/arm/am335x/start_gcc.o
 .debug_aranges
                0x00000000000002c0       0x20 build/kernel/libcpu/arm/am335x/vector_gcc.o
 .debug_aranges
                0x00000000000002e0       0x20 build/kernel/components/gdb/gdb_stub.o
 .debug_aranges
                0x0000000000000300       0x20 build/kernel/components/gdb/hal_stub.o
 .debug_aranges
                0x0000000000000320       0x20 build/kernel/components/gdb/libcpu/arm/arm_stub.o
 .debug_aranges
                0x0000000000000340       0x20 build/kernel/components/drivers/serial/serial.o
 .debug_aranges
                0x0000000000000360       0x20 build/kernel/components/drivers/src/dataqueue.o
 .debug_aranges
                0x0000000000000380       0x20 build/kernel/components/finsh/shell.o
 .debug_aranges
                0x00000000000003a0       0x18 build/kernel/components/finsh/symbol.o
 .debug_aranges
                0x00000000000003b8       0x20 build/kernel/components/finsh/cmd.o
 .debug_aranges
                0x00000000000003d8       0x20 build/kernel/components/finsh/msh_cmd.o
 .debug_aranges
                0x00000000000003f8       0x20 build/kernel/components/finsh/msh.o
 .debug_aranges
                0x0000000000000418       0x20 build/kernel/components/finsh/finsh_compiler.o
 .debug_aranges
                0x0000000000000438       0x20 build/kernel/components/finsh/finsh_error.o
 .debug_aranges
                0x0000000000000458       0x20 build/kernel/components/finsh/finsh_heap.o
 .debug_aranges
                0x0000000000000478       0x20 build/kernel/components/finsh/finsh_init.o
 .debug_aranges
                0x0000000000000498       0x20 build/kernel/components/finsh/finsh_node.o
 .debug_aranges
                0x00000000000004b8       0x20 build/kernel/components/finsh/finsh_ops.o
 .debug_aranges
                0x00000000000004d8       0x20 build/kernel/components/finsh/finsh_parser.o
 .debug_aranges
                0x00000000000004f8       0x20 build/kernel/components/finsh/finsh_var.o
 .debug_aranges
                0x0000000000000518       0x20 build/kernel/components/finsh/finsh_vm.o
 .debug_aranges
                0x0000000000000538       0x20 build/kernel/components/finsh/finsh_token.o
 .debug_aranges
                0x0000000000000558       0x20 build/kernel/components/libc/minilibc/stdlib.o
 .debug_aranges
                0x0000000000000578       0x20 build/kernel/components/libc/minilibc/string.o
 .debug_aranges
                0x0000000000000598       0x20 build/kernel/components/init/components.o
 .debug_aranges
                0x00000000000005b8       0x20 /usr/lib/gcc/arm-none-eabi/4.8.2/armv7-ar/thumb/softfp/libgcc.a(_udivsi3.o)
 .debug_aranges
                0x00000000000005d8       0x20 /usr/lib/gcc/arm-none-eabi/4.8.2/armv7-ar/thumb/softfp/libgcc.a(_divsi3.o)
 .debug_aranges
                0x00000000000005f8       0x20 /usr/lib/gcc/arm-none-eabi/4.8.2/armv7-ar/thumb/softfp/libgcc.a(_dvmd_tls.o)

.debug_line     0x0000000000000000     0x53ac
 .debug_line    0x0000000000000000      0x246 build/bsp/drivers/serial.o
 .debug_line    0x0000000000000246       0xed build/bsp/applications/application.o
 .debug_line    0x0000000000000333      0x111 build/bsp/applications/board.o
 .debug_line    0x0000000000000444       0x63 build/bsp/applications/startup.o
 .debug_line    0x00000000000004a7       0x92 build/kernel/src/clock.o
 .debug_line    0x0000000000000539      0x19b build/kernel/src/device.o
 .debug_line    0x00000000000006d4       0xdd build/kernel/src/idle.o
 .debug_line    0x00000000000007b1      0x783 build/kernel/src/ipc.o
 .debug_line    0x0000000000000f34       0x88 build/kernel/src/irq.o
 .debug_line    0x0000000000000fbc      0x41e build/kernel/src/kservice.o
 .debug_line    0x00000000000013da      0x29a build/kernel/src/mem.o
 .debug_line    0x0000000000001674      0x176 build/kernel/src/object.o
 .debug_line    0x00000000000017ea      0x12a build/kernel/src/scheduler.o
 .debug_line    0x0000000000001914      0x20b build/kernel/src/thread.o
 .debug_line    0x0000000000001b1f      0x217 build/kernel/src/timer.o
 .debug_line    0x0000000000001d36       0xb0 build/kernel/libcpu/arm/am335x/cpu.o
 .debug_line    0x0000000000001de6      0x11d build/kernel/libcpu/arm/am335x/interrupt.o
 .debug_line    0x0000000000001f03       0x9b build/kernel/libcpu/arm/am335x/stack.o
 .debug_line    0x0000000000001f9e      0x114 build/kernel/libcpu/arm/am335x/trap.o
 .debug_line    0x00000000000020b2       0x8d build/kernel/libcpu/arm/am335x/context_gcc.o
 .debug_line    0x000000000000213f       0xaf build/kernel/libcpu/arm/am335x/cp15_gcc.o
 .debug_line    0x00000000000021ee       0xde build/kernel/libcpu/arm/am335x/start_gcc.o
 .debug_line    0x00000000000022cc       0x6a build/kernel/libcpu/arm/am335x/vector_gcc.o
 .debug_line    0x0000000000002336      0x31b build/kernel/components/gdb/gdb_stub.o
 .debug_line    0x0000000000002651      0x13b build/kernel/components/gdb/hal_stub.o
 .debug_line    0x000000000000278c      0x125 build/kernel/components/gdb/libcpu/arm/arm_stub.o
 .debug_line    0x00000000000028b1      0x248 build/kernel/components/drivers/serial/serial.o
 .debug_line    0x0000000000002af9      0x222 build/kernel/components/drivers/src/dataqueue.o
 .debug_line    0x0000000000002d1b      0x2b3 build/kernel/components/finsh/shell.o
 .debug_line    0x0000000000002fce       0xbf build/kernel/components/finsh/symbol.o
 .debug_line    0x000000000000308d      0x393 build/kernel/components/finsh/cmd.o
 .debug_line    0x0000000000003420       0x75 build/kernel/components/finsh/msh_cmd.o
 .debug_line    0x0000000000003495      0x1f2 build/kernel/components/finsh/msh.o
 .debug_line    0x0000000000003687      0x4ea build/kernel/components/finsh/finsh_compiler.o
 .debug_line    0x0000000000003b71       0xd5 build/kernel/components/finsh/finsh_error.o
 .debug_line    0x0000000000003c46      0x1c4 build/kernel/components/finsh/finsh_heap.o
 .debug_line    0x0000000000003e0a      0x106 build/kernel/components/finsh/finsh_init.o
 .debug_line    0x0000000000003f10      0x152 build/kernel/components/finsh/finsh_node.o
 .debug_line    0x0000000000004062      0x24f build/kernel/components/finsh/finsh_ops.o
 .debug_line    0x00000000000042b1      0x3a7 build/kernel/components/finsh/finsh_parser.o
 .debug_line    0x0000000000004658      0x16b build/kernel/components/finsh/finsh_var.o
 .debug_line    0x00000000000047c3      0x134 build/kernel/components/finsh/finsh_vm.o
 .debug_line    0x00000000000048f7      0x331 build/kernel/components/finsh/finsh_token.o
 .debug_line    0x0000000000004c28      0x13d build/kernel/components/libc/minilibc/stdlib.o
 .debug_line    0x0000000000004d65      0x3f2 build/kernel/components/libc/minilibc/string.o
 .debug_line    0x0000000000005157       0xc0 build/kernel/components/init/components.o
 .debug_line    0x0000000000005217       0x8d /usr/lib/gcc/arm-none-eabi/4.8.2/armv7-ar/thumb/softfp/libgcc.a(_udivsi3.o)
 .debug_line    0x00000000000052a4       0x9e /usr/lib/gcc/arm-none-eabi/4.8.2/armv7-ar/thumb/softfp/libgcc.a(_divsi3.o)
 .debug_line    0x0000000000005342       0x6a /usr/lib/gcc/arm-none-eabi/4.8.2/armv7-ar/thumb/softfp/libgcc.a(_dvmd_tls.o)

.debug_str      0x0000000000000000     0x469b
 .debug_str     0x0000000000000000      0x627 build/bsp/drivers/serial.o
                                        0x6f8 (size before relaxing)
 .debug_str     0x0000000000000627      0x13f build/bsp/applications/application.o
                                        0x300 (size before relaxing)
 .debug_str     0x0000000000000766      0x10d build/bsp/applications/board.o
                                        0x264 (size before relaxing)
 .debug_str     0x0000000000000873       0x32 build/bsp/applications/startup.o
                                        0x12e (size before relaxing)
 .debug_str     0x00000000000008a5       0x7f build/kernel/src/clock.o
                                        0x2fb (size before relaxing)
 .debug_str     0x0000000000000924      0x271 build/kernel/src/device.o
                                        0x67e (size before relaxing)
 .debug_str     0x0000000000000b95       0xdc build/kernel/src/idle.o
                                        0x37c (size before relaxing)
 .debug_str     0x0000000000000c71      0x45c build/kernel/src/ipc.o
                                        0x85c (size before relaxing)
 .debug_str     0x00000000000010cd       0x6d build/kernel/src/irq.o
                                        0x17f (size before relaxing)
 .debug_str     0x000000000000113a      0x2a0 build/kernel/src/kservice.o
                                        0x7ac (size before relaxing)
 .debug_str     0x00000000000013da      0x198 build/kernel/src/mem.o
                                        0x3a3 (size before relaxing)
 .debug_str     0x0000000000001572      0x179 build/kernel/src/object.o
                                        0x4e6 (size before relaxing)
 .debug_str     0x00000000000016eb      0x180 build/kernel/src/scheduler.o
                                        0x4a2 (size before relaxing)
 .debug_str     0x000000000000186b      0x127 build/kernel/src/thread.o
                                        0x5f3 (size before relaxing)
 .debug_str     0x0000000000001992      0x1bc build/kernel/src/timer.o
                                        0x54a (size before relaxing)
 .debug_str     0x0000000000001b4e       0xda build/kernel/libcpu/arm/am335x/cpu.o
                                        0x21b (size before relaxing)
 .debug_str     0x0000000000001c28      0x1db build/kernel/libcpu/arm/am335x/interrupt.o
                                        0x342 (size before relaxing)
 .debug_str     0x0000000000001e03       0x4d build/kernel/libcpu/arm/am335x/stack.o
                                        0x170 (size before relaxing)
 .debug_str     0x0000000000001e50       0xc4 build/kernel/libcpu/arm/am335x/trap.o
                                        0x390 (size before relaxing)
 .debug_str     0x0000000000001f14      0x4b1 build/kernel/components/gdb/gdb_stub.o
                                        0x616 (size before relaxing)
 .debug_str     0x00000000000023c5       0x86 build/kernel/components/gdb/hal_stub.o
                                        0x5e8 (size before relaxing)
 .debug_str     0x000000000000244b      0x132 build/kernel/components/gdb/libcpu/arm/arm_stub.o
                                        0x3a1 (size before relaxing)
 .debug_str     0x000000000000257d      0x1a4 build/kernel/components/drivers/serial/serial.o
                                        0x706 (size before relaxing)
 .debug_str     0x0000000000002721       0x9e build/kernel/components/drivers/src/dataqueue.o
                                        0x42a (size before relaxing)
 .debug_str     0x00000000000027bf      0x355 build/kernel/components/finsh/shell.o
                                        0x901 (size before relaxing)
 .debug_str     0x0000000000002b14       0x2f build/kernel/components/finsh/symbol.o
                                        0x1c2 (size before relaxing)
 .debug_str     0x0000000000002b43      0x8b6 build/kernel/components/finsh/cmd.o
                                       0x11ab (size before relaxing)
 .debug_str     0x00000000000033f9       0xf4 build/kernel/components/finsh/msh_cmd.o
                                        0x243 (size before relaxing)
 .debug_str     0x00000000000034ed      0x187 build/kernel/components/finsh/msh.o
                                        0x357 (size before relaxing)
 .debug_str     0x0000000000003674       0xda build/kernel/components/finsh/finsh_compiler.o
                                        0x3b6 (size before relaxing)
 .debug_str     0x000000000000374e       0x9a build/kernel/components/finsh/finsh_error.o
                                        0x1a8 (size before relaxing)
 .debug_str     0x00000000000037e8      0x119 build/kernel/components/finsh/finsh_heap.o
                                        0x3c5 (size before relaxing)
 .debug_str     0x0000000000003901       0x69 build/kernel/components/finsh/finsh_init.o
                                        0x2ab (size before relaxing)
 .debug_str     0x000000000000396a       0xe6 build/kernel/components/finsh/finsh_node.o
                                        0x2af (size before relaxing)
 .debug_str     0x0000000000003a50      0x2cd build/kernel/components/finsh/finsh_ops.o
                                        0x428 (size before relaxing)
 .debug_str     0x0000000000003d1d      0x50c build/kernel/components/finsh/finsh_parser.o
                                        0x854 (size before relaxing)
 .debug_str     0x0000000000004229       0xa5 build/kernel/components/finsh/finsh_var.o
                                        0x385 (size before relaxing)
 .debug_str     0x00000000000042ce       0x68 build/kernel/components/finsh/finsh_vm.o
                                        0x26f (size before relaxing)
 .debug_str     0x0000000000004336      0x133 build/kernel/components/finsh/finsh_token.o
                                        0x5f6 (size before relaxing)
 .debug_str     0x0000000000004469       0x49 build/kernel/components/libc/minilibc/stdlib.o
                                        0x186 (size before relaxing)
 .debug_str     0x00000000000044b2      0x146 build/kernel/components/libc/minilibc/string.o
                                        0x307 (size before relaxing)
 .debug_str     0x00000000000045f8       0xa3 build/kernel/components/init/components.o
                                        0x1c4 (size before relaxing)

.debug_frame    0x0000000000000000     0x3894
 .debug_frame   0x0000000000000000      0x134 build/bsp/drivers/serial.o
 .debug_frame   0x0000000000000134       0xb0 build/bsp/applications/application.o
 .debug_frame   0x00000000000001e4       0x98 build/bsp/applications/board.o
 .debug_frame   0x000000000000027c       0x48 build/bsp/applications/startup.o
 .debug_frame   0x00000000000002c4       0x90 build/kernel/src/clock.o
 .debug_frame   0x0000000000000354      0x164 build/kernel/src/device.o
 .debug_frame   0x00000000000004b8       0xac build/kernel/src/idle.o
 .debug_frame   0x0000000000000564      0x524 build/kernel/src/ipc.o
 .debug_frame   0x0000000000000a88       0x60 build/kernel/src/irq.o
 .debug_frame   0x0000000000000ae8      0x330 build/kernel/src/kservice.o
 .debug_frame   0x0000000000000e18      0x11c build/kernel/src/mem.o
 .debug_frame   0x0000000000000f34      0x1a0 build/kernel/src/object.o
 .debug_frame   0x00000000000010d4      0x180 build/kernel/src/scheduler.o
 .debug_frame   0x0000000000001254      0x244 build/kernel/src/thread.o
 .debug_frame   0x0000000000001498      0x258 build/kernel/src/timer.o
 .debug_frame   0x00000000000016f0      0x11c build/kernel/libcpu/arm/am335x/cpu.o
 .debug_frame   0x000000000000180c      0x144 build/kernel/libcpu/arm/am335x/interrupt.o
 .debug_frame   0x0000000000001950       0x28 build/kernel/libcpu/arm/am335x/stack.o
 .debug_frame   0x0000000000001978       0xd4 build/kernel/libcpu/arm/am335x/trap.o
 .debug_frame   0x0000000000001a4c      0x36c build/kernel/components/gdb/gdb_stub.o
 .debug_frame   0x0000000000001db8       0x80 build/kernel/components/gdb/hal_stub.o
 .debug_frame   0x0000000000001e38       0x8c build/kernel/components/gdb/libcpu/arm/arm_stub.o
 .debug_frame   0x0000000000001ec4      0x198 build/kernel/components/drivers/serial/serial.o
 .debug_frame   0x000000000000205c       0xe8 build/kernel/components/drivers/src/dataqueue.o
 .debug_frame   0x0000000000002144      0x198 build/kernel/components/finsh/shell.o
 .debug_frame   0x00000000000022dc      0x310 build/kernel/components/finsh/cmd.o
 .debug_frame   0x00000000000025ec       0x60 build/kernel/components/finsh/msh_cmd.o
 .debug_frame   0x000000000000264c      0x114 build/kernel/components/finsh/msh.o
 .debug_frame   0x0000000000002760       0x64 build/kernel/components/finsh/finsh_compiler.o
 .debug_frame   0x00000000000027c4       0x70 build/kernel/components/finsh/finsh_error.o
 .debug_frame   0x0000000000002834       0xe0 build/kernel/components/finsh/finsh_heap.o
 .debug_frame   0x0000000000002914       0x7c build/kernel/components/finsh/finsh_init.o
 .debug_frame   0x0000000000002990       0xf0 build/kernel/components/finsh/finsh_node.o
 .debug_frame   0x0000000000002a80      0x4d4 build/kernel/components/finsh/finsh_ops.o
 .debug_frame   0x0000000000002f54      0x240 build/kernel/components/finsh/finsh_parser.o
 .debug_frame   0x0000000000003194       0xbc build/kernel/components/finsh/finsh_var.o
 .debug_frame   0x0000000000003250       0x68 build/kernel/components/finsh/finsh_vm.o
 .debug_frame   0x00000000000032b8      0x194 build/kernel/components/finsh/finsh_token.o
 .debug_frame   0x000000000000344c       0xb0 build/kernel/components/libc/minilibc/stdlib.o
 .debug_frame   0x00000000000034fc      0x2c8 build/kernel/components/libc/minilibc/string.o
 .debug_frame   0x00000000000037c4       0x90 build/kernel/components/init/components.o
 .debug_frame   0x0000000000003854       0x20 /usr/lib/gcc/arm-none-eabi/4.8.2/armv7-ar/thumb/softfp/libgcc.a(_udivsi3.o)
 .debug_frame   0x0000000000003874       0x20 /usr/lib/gcc/arm-none-eabi/4.8.2/armv7-ar/thumb/softfp/libgcc.a(_divsi3.o)

.debug_ranges   0x0000000000000000       0x60
 .debug_ranges  0x0000000000000000       0x60 build/kernel/components/finsh/finsh_compiler.o

Cross Reference Table

Symbol                                            File
AM335X_VECTOR_BASE                                build/kernel/libcpu/arm/am335x/interrupt.o
OP_add_byte                                       build/kernel/components/finsh/finsh_ops.o
OP_add_dword                                      build/kernel/components/finsh/finsh_ops.o
OP_add_word                                       build/kernel/components/finsh/finsh_ops.o
OP_and_byte                                       build/kernel/components/finsh/finsh_ops.o
OP_and_dword                                      build/kernel/components/finsh/finsh_ops.o
OP_and_word                                       build/kernel/components/finsh/finsh_ops.o
OP_bw_byte                                        build/kernel/components/finsh/finsh_ops.o
OP_bw_dword                                       build/kernel/components/finsh/finsh_ops.o
OP_bw_word                                        build/kernel/components/finsh/finsh_ops.o
OP_call                                           build/kernel/components/finsh/finsh_ops.o
OP_div_byte                                       build/kernel/components/finsh/finsh_ops.o
OP_div_dword                                      build/kernel/components/finsh/finsh_ops.o
OP_div_word                                       build/kernel/components/finsh/finsh_ops.o
OP_ld_byte                                        build/kernel/components/finsh/finsh_ops.o
OP_ld_dword                                       build/kernel/components/finsh/finsh_ops.o
OP_ld_value_byte                                  build/kernel/components/finsh/finsh_ops.o
OP_ld_value_byte_stack                            build/kernel/components/finsh/finsh_ops.o
OP_ld_value_dword                                 build/kernel/components/finsh/finsh_ops.o
OP_ld_value_dword_stack                           build/kernel/components/finsh/finsh_ops.o
OP_ld_value_word                                  build/kernel/components/finsh/finsh_ops.o
OP_ld_value_word_stack                            build/kernel/components/finsh/finsh_ops.o
OP_ld_word                                        build/kernel/components/finsh/finsh_ops.o
OP_mod_byte                                       build/kernel/components/finsh/finsh_ops.o
OP_mod_dword                                      build/kernel/components/finsh/finsh_ops.o
OP_mod_word                                       build/kernel/components/finsh/finsh_ops.o
OP_mul_byte                                       build/kernel/components/finsh/finsh_ops.o
OP_mul_dword                                      build/kernel/components/finsh/finsh_ops.o
OP_mul_word                                       build/kernel/components/finsh/finsh_ops.o
OP_no_op                                          build/kernel/components/finsh/finsh_ops.o
OP_or_byte                                        build/kernel/components/finsh/finsh_ops.o